 PhysXCooking_64

 Timestamp is 677b72ab (Mon Jan  6 15:05:31 2025)

 Preferred load address is 0000000180000000

 Start         Length     Name                   Class
 0001:00000000 000003c0H .text$di                CODE
 0001:000003c0 00046aa0H .text$mn                CODE
 0001:00046e60 00000040H .text$mn$00             CODE
 0001:00046ea0 00000620H .text$x                 CODE
 0002:00000000 00000278H .idata$5                DATA
 0002:00000278 00000028H .00cfg                  DATA
 0002:000002a0 00000008H .CRT$XCA                DATA
 0002:000002a8 000001e0H .CRT$XCU                DATA
 0002:00000488 00000008H .CRT$XCZ                DATA
 0002:00000490 00000008H .CRT$XIA                DATA
 0002:00000498 00000018H .CRT$XIC                DATA
 0002:000004b0 00000008H .CRT$XIZ                DATA
 0002:000004b8 00000008H .CRT$XPA                DATA
 0002:000004c0 00000010H .CRT$XPX                DATA
 0002:000004d0 00000008H .CRT$XPXA               DATA
 0002:000004d8 00000008H .CRT$XPZ                DATA
 0002:000004e0 00000008H .CRT$XTA                DATA
 0002:000004e8 00000008H .CRT$XTZ                DATA
 0002:000004f0 00000000H .gehcont$y              DATA
 0002:000004f0 00000000H .gfids$y                DATA
 0002:000004f0 0000b410H .rdata                  DATA
 0002:0000b900 00000000H .rdata$CastGuardVftablesA DATA
 0002:0000b900 00000000H .rdata$CastGuardVftablesC DATA
 0002:0000b900 0000043cH .rdata$r                DATA
 0002:0000bd3c 000001d4H .rdata$voltmd           DATA
 0002:0000bf10 00000418H .rdata$zzzdbg           DATA
 0002:0000c328 00000008H .rtc$IAA                DATA
 0002:0000c330 00000008H .rtc$IZZ                DATA
 0002:0000c338 00000008H .rtc$TAA                DATA
 0002:0000c340 00000008H .rtc$TZZ                DATA
 0002:0000c348 00003ff8H .xdata                  DATA
 0002:00010340 00000084H .xdata$x                DATA
 0002:000103c4 00000040H .didat$2                DATA
 0002:00010404 00000024H .didat$3                DATA
 0002:00010428 00000188H .didat$4                DATA
 0002:000105b0 00000950H .didat$6                DATA
 0002:00010f00 00000190H .didat$7                DATA
 0002:00011090 00001d00H .edata                  DATA
 0002:00012d90 00000014H .idata$2                DATA
 0002:00012da4 00000014H .idata$3                DATA
 0002:00012db8 00000278H .idata$4                DATA
 0002:00013030 000005aeH .idata$6                DATA
 0003:00000000 00000a30H .data                   DATA
 0003:00000a30 000005e8H .data$r                 DATA
 0003:00001018 000000f0H .data$rs                DATA
 0003:00001108 00000188H .didat$5                DATA
 0003:00001290 000015d0H .bss                    DATA
 0004:00000000 000034a4H .pdata                  DATA
 0005:00000000 0000230cH _RDATA                  DATA
 0006:00000000 000000a0H .rsrc$01                DATA
 0006:000000a0 000004b0H .rsrc$02                DATA

  Address         Publics by Value              Rva+Base               Lib:Object

 0000:00000000       __x64_code_ranges_to_entry_points_count 0000000000000000     <absolute>
 0000:00000000       __x64_code_ranges_to_entry_points 0000000000000000     <absolute>
 0000:00000000       __arm64x_redirection_metadata 0000000000000000     <absolute>
 0000:00000000       __guard_fids_count         0000000000000000     <absolute>
 0000:00000000       __guard_iat_table          0000000000000000     <absolute>
 0000:00000000       __arm64x_extra_rfe_table   0000000000000000     <absolute>
 0000:00000000       ___safe_se_handler_table   0000000000000000     <absolute>
 0000:00000000       __guard_iat_count          0000000000000000     <absolute>
 0000:00000000       __guard_longjmp_count      0000000000000000     <absolute>
 0000:00000000       __hybrid_code_map          0000000000000000     <absolute>
 0000:00000000       __dynamic_value_reloc_table 0000000000000000     <absolute>
 0000:00000000       __arm64x_extra_rfe_table_size 0000000000000000     <absolute>
 0000:00000000       ___safe_se_handler_count   0000000000000000     <absolute>
 0000:00000000       __guard_longjmp_table      0000000000000000     <absolute>
 0000:00000000       __hybrid_auxiliary_iat     0000000000000000     <absolute>
 0000:00000000       __hybrid_auxiliary_iat_copy 0000000000000000     <absolute>
 0000:00000000       __AbsoluteZero             0000000000000000     <absolute>
 0000:00000000       __guard_check_icall_a64n_fptr 0000000000000000     <absolute>
 0000:00000000       __guard_eh_cont_count      0000000000000000     <absolute>
 0000:00000000       __guard_fids_table         0000000000000000     <absolute>
 0000:00000000       __arm64x_redirection_metadata_count 0000000000000000     <absolute>
 0000:00000000       __enclave_config           0000000000000000     <absolute>
 0000:00000000       __guard_eh_cont_table      0000000000000000     <absolute>
 0000:00000000       __arm64x_native_entrypoint 0000000000000000     <absolute>
 0000:00000000       __hybrid_code_map_count    0000000000000000     <absolute>
 0000:00000100       __guard_flags              0000000000000100     <absolute>
 0000:00000000       __ImageBase                0000000180000000     <linker-defined>
 0001:000003c0       ??$?_UV?$ReflectionAllocator@VAdjTriangle@physx@@@shdfnd@physx@@@UserAllocated@shdfnd@physx@@SAPEAX_KV?$ReflectionAllocator@VAdjTriangle@physx@@@12@PEBDH@Z 00000001800013c0 f i Adjacencies.obj
 0001:00000460       ??0AdjacenciesBuilder@physx@@QEAA@XZ 0000000180001460 f   Adjacencies.obj
 0001:00000470       ??4MutexImpl@shdfnd@physx@@QEAAAEAV012@AEBV012@@Z 0000000180001470 f i Adjacencies.obj
 0001:00000470       ??0HeightFieldData@Gu@physx@@QEAA@W4PxEMPTY@2@@Z 0000000180001470 f i Cooking.obj
 0001:00000470       ??0Box@Gu@physx@@QEAA@XZ   0000000180001470 f i ConvexHullUtils.obj
 0001:00000470       ??0BigConvexData@physx@@QEAA@W4PxEMPTY@1@@Z 0000000180001470 f i BigConvexDataBuilder.obj
 0001:00000470       ?getPaddedBounds@HeightFieldData@Gu@physx@@QEBAAEBVCenterExtentsPadded@23@XZ 0000000180001470 f i Cooking.obj
 0001:00000470       ??0Allocator@shdfnd@physx@@QEAA@PEBD@Z 0000000180001470 f i Adjacencies.obj
 0001:00000470       ?getAABB@AABBTreeBuildNode@Gu@physx@@QEBAAEBVPxBounds3@3@XZ 0000000180001470 f i BVHStructureBuilder.obj
 0001:00000470       ??4PxFoundation@physx@@QEAAAEAV01@AEBV01@@Z 0000000180001470 f i Adjacencies.obj
 0001:00000470       ??$forward@_K@std@@YA$$QEA_KAEA_K@Z 0000000180001470 f i libvcruntime:undname.obj
 0001:00000470       ??4Allocator@shdfnd@physx@@QEAAAEAV012@$$QEAV012@@Z 0000000180001470 f i Adjacencies.obj
 0001:00000470       ??0AABBTreeBuildNode@Gu@physx@@QEAA@XZ 0000000180001470 f i BVHStructureBuilder.obj
 0001:00000470       ??4Allocator@shdfnd@physx@@QEAAAEAV012@AEBV012@@Z 0000000180001470 f i Adjacencies.obj
 0001:00000480       ??0PxFoundation@physx@@QEAA@XZ 0000000180001480 f i Adjacencies.obj
 0001:00000480       ??0PxFoundation@physx@@QEAA@AEBV01@@Z 0000000180001480 f i Adjacencies.obj
 0001:00000490       ??1Adjacencies@physx@@QEAA@XZ 0000000180001490 f   Adjacencies.obj
 0001:00000500       ??1AdjacenciesBuilder@physx@@QEAA@XZ 0000000180001500 f   Adjacencies.obj
 0001:00000510       ??1PxFoundation@physx@@MEAA@XZ 0000000180001510 f i Adjacencies.obj
 0001:00000520       ??_EPxFoundation@physx@@MEAAPEAXI@Z 0000000180001520 f i Adjacencies.obj
 0001:000005b0       ??1Box@Gu@physx@@QEAA@XZ   00000001800015b0 f i ConvexHullUtils.obj
 0001:000005b0       ??_FAllocator@shdfnd@physx@@QEAAXXZ 00000001800015b0 f i Adjacencies.obj
 0001:000005b0       ??1HeightFieldData@Gu@physx@@QEAA@XZ 00000001800015b0 f i Cooking.obj
 0001:000005b0       ??1AABBTreeBuildNode@Gu@physx@@QEAA@XZ 00000001800015b0 f i BVHStructureBuilder.obj
 0001:000005b0       ?onMeshIndexFormatChange@TriangleMeshBuilder@physx@@UEAAXXZ 00000001800015b0 f i TriangleMeshBuilder.obj
 0001:000005b0       _guard_check_icall_nop     00000001800015b0 f i LIBCMT:guard_support.obj
 0001:000005b0       ??1BigConvexDataBuilder@physx@@QEAA@XZ 00000001800015b0 f i BigConvexDataBuilder.obj
 0001:000005c0       ?ComputeNbBoundaryEdges@Adjacencies@physx@@QEBAIXZ 00000001800015c0 f   Adjacencies.obj
 0001:000008a0       ?GetNbHits@RadixSort@Cm@physx@@QEBAIXZ 00000001800018a0 f i Adjacencies.obj
 0001:000008b0       ?GetNbTotalCalls@RadixSort@Cm@physx@@QEBAIXZ 00000001800018b0 f i Adjacencies.obj
 0001:000008c0       ?GetRanks@RadixSort@Cm@physx@@QEBAPEBIXZ 00000001800018c0 f i Adjacencies.obj
 0001:000008c0       ?getErrorCallback@Foundation@shdfnd@physx@@UEAAAEAVPxErrorCallback@3@XZ 00000001800018c0 f i Adjacencies.obj
 0001:000008d0       ?GetRecyclable@RadixSort@Cm@physx@@QEBAPEAIXZ 00000001800018d0 f i Adjacencies.obj
 0001:000008d0       ?GetValencies@BigConvexData@physx@@QEBAPEBUValency@Gu@2@XZ 00000001800018d0 f i BigConvexDataBuilder.obj
 0001:000008d0       ?getPos@AABBTreeBuildNode@Gu@physx@@QEBAPEBV123@XZ 00000001800018d0 f i BVHStructureBuilder.obj
 0001:000008e0       ?Init@AdjacenciesBuilder@physx@@QEAA_NAEBUADJACENCIESCREATE@2@@Z 00000001800018e0 f   Adjacencies.obj
 0001:00000e90       ?getAllocator@Foundation@shdfnd@physx@@QEAAAEAVPxAllocatorCallback@3@XZ 0000000180001e90 f i Adjacencies.obj
 0001:00000ea0       ?getAllocatorCallback@Foundation@shdfnd@physx@@UEAAAEAVPxAllocatorCallback@3@XZ 0000000180001ea0 f i Adjacencies.obj
 0001:00000eb0       ?getErrorLevel@Foundation@shdfnd@physx@@UEBA?AW4Enum@PxErrorCode@3@XZ 0000000180001eb0 f i Adjacencies.obj
 0001:00000ec0       ?getInternalErrorCallback@Foundation@shdfnd@physx@@QEAAAEAVPxErrorCallback@3@XZ 0000000180001ec0 f i Adjacencies.obj
 0001:00000ed0       ?getNamedAllocMap@Foundation@shdfnd@physx@@QEAAAEAV?$HashMap@PEBVNamedAllocator@shdfnd@physx@@PEBDU?$Hash@PEBVNamedAllocator@shdfnd@physx@@@23@VNonTrackingAllocator@23@@23@XZ 0000000180001ed0 f i Adjacencies.obj
 0001:00000ee0       ?getNamedAllocMutex@Foundation@shdfnd@physx@@QEAAAEAV?$MutexT@VAllocator@shdfnd@physx@@@23@XZ 0000000180001ee0 f i Adjacencies.obj
 0001:00000ef0       ?getReportAllocationNames@Foundation@shdfnd@physx@@UEBA_NXZ 0000000180001ef0 f i Adjacencies.obj
 0001:00000f00       ?getTempAllocFreeTable@Foundation@shdfnd@physx@@QEAAAEAV?$Array@PEATTempAllocatorChunk@shdfnd@physx@@VAllocator@23@@23@XZ 0000000180001f00 f i Adjacencies.obj
 0001:00000f10       ?getTempAllocMutex@Foundation@shdfnd@physx@@QEAAAEAV?$MutexT@VAllocator@shdfnd@physx@@@23@XZ 0000000180001f10 f i Adjacencies.obj
 0001:00000f20       ?invalidateRanks@RadixSort@Cm@physx@@QEAAXXZ 0000000180001f20 f i Adjacencies.obj
 0001:00000f30       ?setErrorLevel@Foundation@shdfnd@physx@@UEAAXW4Enum@PxErrorCode@3@@Z 0000000180001f30 f i Adjacencies.obj
 0001:00000f40       ?setReportAllocationNames@Foundation@shdfnd@physx@@UEAAX_N@Z 0000000180001f40 f i Adjacencies.obj
 0001:00000f50       ??0DebugText@Cm@physx@@QEAA@AEBU012@@Z 0000000180001f50 f i Cooking.obj
 0001:00000f50       ??0DebugText@Cm@physx@@QEAA@$$QEAU012@@Z 0000000180001f50 f i Cooking.obj
 0001:00001030       ??0HeightFieldData@Gu@physx@@QEAA@AEBU012@@Z 0000000180002030 f i Cooking.obj
 0001:00001030       ??4HeightFieldData@Gu@physx@@QEAAAEAU012@$$QEAU012@@Z 0000000180002030 f i Cooking.obj
 0001:00001030       ??4HeightFieldData@Gu@physx@@QEAAAEAU012@AEBU012@@Z 0000000180002030 f i Cooking.obj
 0001:00001030       ??0HeightFieldData@Gu@physx@@QEAA@$$QEAU012@@Z 0000000180002030 f i Cooking.obj
 0001:00001090       ??0HeightFieldData@Gu@physx@@QEAA@XZ 0000000180002090 f i Cooking.obj
 0001:000010a0       ??0RenderOutput@Cm@physx@@QEAA@AEAVRenderBuffer@12@@Z 00000001800020a0 f i Cooking.obj
 0001:000010f0       ??0RenderOutput@Cm@physx@@QEAA@AEBV012@@Z 00000001800020f0 f i Cooking.obj
 0001:00001190       ??1PxHeightField@physx@@MEAA@XZ 0000000180002190 f i Cooking.obj
 0001:00001190       ??1PxConvexMesh@physx@@MEAA@XZ 0000000180002190 f i Cooking.obj
 0001:000011a0       ??4DebugText@Cm@physx@@QEAAAEAU012@AEBU012@@Z 00000001800021a0 f i Cooking.obj
 0001:000011a0       ??4DebugText@Cm@physx@@QEAAAEAU012@$$QEAU012@@Z 00000001800021a0 f i Cooking.obj
 0001:000012d0       ??4FPUGuard@shdfnd@physx@@QEAAAEAV012@AEBV012@@Z 00000001800022d0 f i Cooking.obj
 0001:000012f0       ??_GCooking@physx@@UEAAPEAXI@Z 00000001800022f0 f i Cooking.obj
 0001:000012f0       ??_ECooking@physx@@UEAAPEAXI@Z 00000001800022f0 f i Cooking.obj
 0001:00001340       ??_EPxBase@physx@@MEAAPEAXI@Z 0000000180002340 f i Cooking.obj
 0001:00001340       ??_GPxBase@physx@@MEAAPEAXI@Z 0000000180002340 f i Cooking.obj
 0001:00001370       ??_GPxCooking@physx@@MEAAPEAXI@Z 0000000180002370 f i Cooking.obj
 0001:00001370       ??_EPxCooking@physx@@MEAAPEAXI@Z 0000000180002370 f i Cooking.obj
 0001:000013a0       ?allocate@?$Array@UPxDebugLine@physx@@V?$ReflectionAllocator@UPxDebugLine@physx@@@shdfnd@2@@shdfnd@physx@@IEAAPEAUPxDebugLine@3@I@Z 00000001800023a0 f i Cooking.obj
 0001:00001440       ?computeHullPolygons@Cooking@physx@@UEBA_NAEBVPxSimpleTriangleMesh@2@AEAVPxAllocatorCallback@2@AEAIAEAPEAVPxVec3@2@2AEAPEAI2AEAPEAUPxHullPolygon@2@@Z 0000000180002440 f   Cooking.obj
 0001:00001620       ?cookBVHStructure@Cooking@physx@@UEBA_NAEBVPxBVHStructureDesc@2@AEAVPxOutputStream@2@@Z 0000000180002620 f   Cooking.obj
 0001:000016d0       ?cookConvexMesh@Cooking@physx@@UEBA_NAEBVPxConvexMeshDesc@2@AEAVPxOutputStream@2@PEAW4Enum@PxConvexMeshCookingResult@2@@Z 00000001800026d0 f   Cooking.obj
 0001:000018b0       ?cookConvexMeshInternal@Cooking@physx@@AEBA_NAEBVPxConvexMeshDesc@2@AEAVConvexMeshBuilder@2@PEAVConvexHullLib@2@PEAW4Enum@PxConvexMeshCookingResult@2@@Z 00000001800028b0 f   Cooking.obj
 0001:00001b20       ?cookHeightField@Cooking@physx@@UEBA_NAEBVPxHeightFieldDesc@2@AEAVPxOutputStream@2@@Z 0000000180002b20 f   Cooking.obj
 0001:00001bf0       ?cookTriangleMesh@Cooking@physx@@UEBA_NAEBVPxTriangleMeshDesc@2@AEAVPxOutputStream@2@PEAW4Enum@PxTriangleMeshCookingResult@2@@Z 0000000180002bf0 f   Cooking.obj
 0001:00001d30       ?copy@?$Array@UPxDebugLine@physx@@V?$ReflectionAllocator@UPxDebugLine@physx@@@shdfnd@2@@shdfnd@physx@@KAXPEAUPxDebugLine@3@0PEBU43@@Z 0000000180002d30 f i Cooking.obj
 0001:00001ee0       ?createBVHStructure@Cooking@physx@@UEBAPEAVPxBVHStructure@2@AEBVPxBVHStructureDesc@2@AEAVPxPhysicsInsertionCallback@2@@Z 0000000180002ee0 f   Cooking.obj
 0001:00001f90       ?createConvexMesh@Cooking@physx@@UEBAPEAVPxConvexMesh@2@AEBVPxConvexMeshDesc@2@AEAVPxPhysicsInsertionCallback@2@PEAW4Enum@PxConvexMeshCookingResult@2@@Z 0000000180002f90 f   Cooking.obj
 0001:00002190       ?createHeightField@Cooking@physx@@UEBAPEAVPxHeightField@2@AEBVPxHeightFieldDesc@2@AEAVPxPhysicsInsertionCallback@2@@Z 0000000180003190 f   Cooking.obj
 0001:000022f0       ?createTriangleMesh@Cooking@physx@@UEBAPEAVPxTriangleMesh@2@AEBVPxTriangleMeshDesc@2@AEAVPxPhysicsInsertionCallback@2@PEAW4Enum@PxTriangleMeshCookingResult@2@@Z 00000001800032f0 f   Cooking.obj
 0001:00002440       ?getConcreteTypeName@PxConvexMesh@physx@@UEBAPEBDXZ 0000000180003440 f i Cooking.obj
 0001:00002450       ?getConcreteTypeName@PxHeightField@physx@@UEBAPEBDXZ 0000000180003450 f i Cooking.obj
 0001:00002460       ?getConvexEdgeThreshold@HeightField@Gu@physx@@UEBAMXZ 0000000180003460 f i Cooking.obj
 0001:00002470       ?getFlags@HeightField@Gu@physx@@UEBA?AV?$PxFlags@W4Enum@PxHeightFieldFlag@physx@@G@3@XZ 0000000180003470 f i Cooking.obj
 0001:00002480       ?getFormat@HeightField@Gu@physx@@UEBA?AW4Enum@PxHeightFieldFormat@3@XZ 0000000180003480 f i Cooking.obj
 0001:00002490       ?getHeight@HeightField@Gu@physx@@UEBAMMM@Z 0000000180003490 f i Cooking.obj
 0001:000024d0       ?getHeightInternal2@HeightField@Gu@physx@@QEBAMIMM@Z 00000001800034d0 f i Cooking.obj
 0001:00002640       ?getIndexBuffer@ConvexMesh@Gu@physx@@UEBAPEBEXZ 0000000180003640 f i Cooking.obj
 0001:00002680       ?getNbColumns@HeightField@Gu@physx@@UEBAIXZ 0000000180003680 f i Cooking.obj
 0001:00002690       ?getNbPolygons@ConvexMesh@Gu@physx@@UEBAIXZ 0000000180003690 f i Cooking.obj
 0001:000026a0       ?getNbRows@HeightField@Gu@physx@@UEBAIXZ 00000001800036a0 f i Cooking.obj
 0001:000026b0       ?getNbVertices@ConvexMesh@Gu@physx@@UEBAIXZ 00000001800036b0 f i Cooking.obj
 0001:000026c0       ?getParams@Cooking@physx@@UEBAAEBUPxCookingParams@2@XZ 00000001800036c0 f   Cooking.obj
 0001:000026c0       ?getDenormalizeScale@QuantizerImpl@@UEBAAEBVPxVec3@physx@@XZ 00000001800036c0 f   Quantizer.obj
 0001:000026d0       ?getSample@HeightField@Gu@physx@@UEBAAEBUPxHeightFieldSample@3@II@Z 00000001800036d0 f i Cooking.obj
 0001:000026e0       ?getSampleStride@HeightField@Gu@physx@@UEBAIXZ 00000001800036e0 f i Cooking.obj
 0001:000026f0       ?getTimestamp@HeightField@Gu@physx@@UEBAIXZ 00000001800036f0 f i Cooking.obj
 0001:00002700       ?getTriangleMaterialIndex@HeightField@Gu@physx@@UEBAGI@Z 0000000180003700 f i Cooking.obj
 0001:00002730       ?getTriangleNormal@HeightField@Gu@physx@@UEBA?AVPxVec3@3@I@Z 0000000180003730 f i Cooking.obj
 0001:00002830       ?getVertices@ConvexMesh@Gu@physx@@UEBAPEBVPxVec3@3@XZ 0000000180003830 f i Cooking.obj
 0001:00002850       ?isKindOf@PxBase@physx@@MEBA_NPEBD@Z 0000000180003850 f i Cooking.obj
 0001:00002880       ?isKindOf@PxConvexMesh@physx@@MEBA_NPEBD@Z 0000000180003880 f i Cooking.obj
 0001:000028d0       ?isKindOf@PxHeightField@physx@@MEBA_NPEBD@Z 00000001800038d0 f i Cooking.obj
 0001:00002920       ?isReleasable@PxBase@physx@@UEBA_NXZ 0000000180003920 f i Cooking.obj
 0001:00002930       ?outputSegment@RenderOutput@Cm@physx@@QEAAXAEBVPxVec3@3@0@Z 0000000180003930 f i Cooking.obj
 0001:000029f0       ?platformMismatch@Cooking@physx@@UEBA_NXZ 00000001800039f0 f   Cooking.obj
 0001:00002a00       ?preExportDataReset@HeightField@Gu@physx@@QEAAXXZ 0000000180003a00 f i Cooking.obj
 0001:00002a00       ?preExportDataReset@ConvexMesh@Gu@physx@@QEAAXXZ 0000000180003a00 f i Cooking.obj
 0001:00002a10       ?recreate@?$Array@UPxDebugLine@physx@@V?$ReflectionAllocator@UPxDebugLine@physx@@@shdfnd@2@@shdfnd@physx@@IEAAXI@Z 0000000180003a10 f i Cooking.obj
 0001:00002aa0       ?release@Cooking@physx@@UEAAXXZ 0000000180003aa0 f   Cooking.obj
 0001:00002ac0       ?reserveSegments@RenderOutput@Cm@physx@@QEAAPEAUPxDebugLine@3@I@Z 0000000180003ac0 f i Cooking.obj
 0001:00002b30       ?setParams@Cooking@physx@@UEAAXAEBUPxCookingParams@2@@Z 0000000180003b30 f   Cooking.obj
 0001:00002b90       ?validateConvexMesh@Cooking@physx@@UEBA_NAEBVPxConvexMeshDesc@2@@Z 0000000180003b90 f   Cooking.obj
 0001:00002bf0       ?validateTriangleMesh@Cooking@physx@@UEBA_NAEBVPxTriangleMeshDesc@2@@Z 0000000180003bf0 f   Cooking.obj
 0001:00002d00       PxCreateCooking            0000000180003d00 f   Cooking.obj
 0001:00002df0       ??0ReducedVertexCloud@physx@@QEAA@PEBVPxVec3@1@I@Z 0000000180003df0 f   CookingUtils.obj
 0001:00002e10       ??1ReducedVertexCloud@physx@@QEAA@XZ 0000000180003e10 f   CookingUtils.obj
 0001:00002e20       ?Clean@ReducedVertexCloud@physx@@QEAAAEAV12@XZ 0000000180003e20 f   CookingUtils.obj
 0001:00002e90       ?Reduce@ReducedVertexCloud@physx@@QEAA_NPEAUREDUCEDCLOUD@2@@Z 0000000180003e90 f   CookingUtils.obj
 0001:000031b0       ??$?_UI@@YAPEAX_KV?$ReflectionAllocator@I@shdfnd@physx@@PEBDH@Z 00000001800041b0 f i EdgeList.obj
 0001:00003250       ??0EdgeListBuilder@Gu@physx@@QEAA@XZ 0000000180004250 f   EdgeList.obj
 0001:00003270       ??1EdgeList@Gu@physx@@QEAA@XZ 0000000180004270 f   EdgeList.obj
 0001:00003310       ??1EdgeListBuilder@Gu@physx@@QEAA@XZ 0000000180004310 f   EdgeList.obj
 0001:00003320       ?computeActiveEdges@EdgeListBuilder@Gu@physx@@AEAA_NIPEBIPEBGPEBVPxVec3@3@M@Z 0000000180004320 f   EdgeList.obj
 0001:00004960       ?createEdgesToFaces@EdgeListBuilder@Gu@physx@@AEAA_NIPEBIPEBG@Z 0000000180005960 f   EdgeList.obj
 0001:00004bc0       ?createFacesToEdges@EdgeListBuilder@Gu@physx@@AEAA_NIPEBIPEBG@Z 0000000180005bc0 f   EdgeList.obj
 0001:00005030       ?init@EdgeListBuilder@Gu@physx@@QEAA_NAEBUEDGELISTCREATE@23@@Z 0000000180006030 f   EdgeList.obj
 0001:00005160       ??0MeshCleaner@physx@@QEAA@IPEBVPxVec3@1@IPEBIM@Z 0000000180006160 f   MeshCleaner.obj
 0001:00005b00       ??1MeshCleaner@physx@@QEAA@XZ 0000000180006b00 f   MeshCleaner.obj
 0001:00005b90       ??$kmeans_cluster@VPxVec3@physx@@M@@YAIPEBVPxVec3@physx@@IIPEAV01@PEAIMM@Z 0000000180006b90 f i Quantizer.obj
 0001:000064d0       ??_GQuantizer@physx@@MEAAPEAXI@Z 00000001800074d0 f i Quantizer.obj
 0001:000064d0       ??_EQuantizer@physx@@MEAAPEAXI@Z 00000001800074d0 f i Quantizer.obj
 0001:00006500       ??_GQuantizerImpl@@EEAAPEAXI@Z 0000000180007500 f i Quantizer.obj
 0001:00006500       ??_EQuantizerImpl@@EEAAPEAXI@Z 0000000180007500 f i Quantizer.obj
 0001:000065d0       ?createQuantizer@physx@@YAPEAVQuantizer@1@XZ 00000001800075d0 f   Quantizer.obj
 0001:00006680       ?getDenormalizeCenter@QuantizerImpl@@UEBAAEBVPxVec3@physx@@XZ 0000000180007680 f i Quantizer.obj
 0001:00006690       ?growAndPushBack@?$Array@VPxVec3@physx@@V?$ReflectionAllocator@VPxVec3@physx@@@shdfnd@2@@shdfnd@physx@@IEAAAEAVPxVec3@3@AEBV43@@Z 0000000180007690 f i Quantizer.obj
 0001:00006860       ?kmeansQuantize3D@QuantizerImpl@@UEAAPEBVPxVec3@physx@@IPEBV23@I_NIAEAI@Z 0000000180007860 f i Quantizer.obj
 0001:00006ac0       ?normalizeInput@QuantizerImpl@@AEAAXIPEBVPxVec3@physx@@I@Z 0000000180007ac0 f i Quantizer.obj
 0001:00006ef0       ?release@QuantizerImpl@@UEAAXXZ 0000000180007ef0 f i Quantizer.obj
 0001:00006f10       ??$copy@V?$ReflectionAllocator@USlab@NodeAllocator@Gu@physx@@@shdfnd@physx@@@?$Array@USlab@NodeAllocator@Gu@physx@@V?$ReflectionAllocator@USlab@NodeAllocator@Gu@physx@@@shdfnd@4@@shdfnd@physx@@IEAAXAEBV012@@Z 0000000180007f10 f i BVHStructureBuilder.obj
 0001:00006f90       ??0AABBTreeBuildNode@Gu@physx@@QEAA@AEBV012@@Z 0000000180007f90 f i BVHStructureBuilder.obj
 0001:00006f90       ??4AABBTreeBuildNode@Gu@physx@@QEAAAEAV012@AEBV012@@Z 0000000180007f90 f i BVHStructureBuilder.obj
 0001:00006fd0       ??0AABBTreeBuildParams@Gu@physx@@QEAA@IIPEBVPxBounds3@2@@Z 0000000180007fd0 f i BVHStructureBuilder.obj
 0001:00006ff0       ??0BVHStructureBuilder@physx@@QEAA@XZ 0000000180007ff0 f   BVHStructureBuilder.obj
 0001:00007010       ??0BuildStats@Gu@physx@@QEAA@XZ 0000000180008010 f i BVHStructureBuilder.obj
 0001:00007020       ??0NodeAllocator@Gu@physx@@QEAA@AEBV012@@Z 0000000180008020 f i BVHStructureBuilder.obj
 0001:00007060       ?reset@AABBTreeBuildParams@Gu@physx@@QEAAXXZ 0000000180008060 f i BVHStructureBuilder.obj
 0001:00007060       ??1AABBTreeBuildParams@Gu@physx@@QEAA@XZ 0000000180008060 f i BVHStructureBuilder.obj
 0001:000070c0       ??1BVHStructureBuilder@physx@@QEAA@XZ 00000001800080c0 f   BVHStructureBuilder.obj
 0001:00007140       ??4AABBTreeBuildParams@Gu@physx@@QEAAAEAV012@AEBV012@@Z 0000000180008140 f i BVHStructureBuilder.obj
 0001:00007160       ??4BuildStats@Gu@physx@@QEAAAEAU012@$$QEAU012@@Z 0000000180008160 f i BVHStructureBuilder.obj
 0001:00007170       ??4BuildStats@Gu@physx@@QEAAAEAU012@AEBU012@@Z 0000000180008170 f i BVHStructureBuilder.obj
 0001:00007180       ??4NodeAllocator@Gu@physx@@QEAAAEAV012@AEBV012@@Z 0000000180008180 f i BVHStructureBuilder.obj
 0001:00007230       ??_FAABBTreeBuildParams@Gu@physx@@QEAAXXZ 0000000180008230 f i BVHStructureBuilder.obj
 0001:00007250       ??_V@YAXPEAX_K@Z           0000000180008250 f i LIBCMT:delete_array_size.obj
 0001:00007250       ?__global_delete@@YAXPEAX_K@Z 0000000180008250 f i BVHStructureBuilder.obj
 0001:00007260       ?allocate@?$Array@USlab@NodeAllocator@Gu@physx@@V?$ReflectionAllocator@USlab@NodeAllocator@Gu@physx@@@shdfnd@4@@shdfnd@physx@@IEAAPEAUSlab@NodeAllocator@Gu@3@I@Z 0000000180008260 f i BVHStructureBuilder.obj
 0001:00007300       ?getCount@BuildStats@Gu@physx@@QEBAIXZ 0000000180008300 f i BVHStructureBuilder.obj
 0001:00007310       ?getNbRuntimePrimitives@AABBTreeBuildNode@Gu@physx@@QEBAIXZ 0000000180008310 f i BVHStructureBuilder.obj
 0001:00007310       ?getNbPrimitives@AABBTreeBuildNode@Gu@physx@@QEBAIXZ 0000000180008310 f i BVHStructureBuilder.obj
 0001:00007320       ?getNeg@AABBTreeBuildNode@Gu@physx@@QEBAPEBV123@XZ 0000000180008320 f i BVHStructureBuilder.obj
 0001:00007340       ?getPrimitives@AABBTreeBuildNode@Gu@physx@@QEAAPEAIPEAI@Z 0000000180008340 f i BVHStructureBuilder.obj
 0001:00007340       ?getPrimitives@AABBTreeBuildNode@Gu@physx@@QEBAPEBIPEBI@Z 0000000180008340 f i BVHStructureBuilder.obj
 0001:00007350       ?increaseCount@BuildStats@Gu@physx@@QEAAXI@Z 0000000180008350 f i BVHStructureBuilder.obj
 0001:00007360       ?isLeaf@AABBTreeBuildNode@Gu@physx@@QEBA_NXZ 0000000180008360 f i BVHStructureBuilder.obj
 0001:00007370       ?loadFromDesc@BVHStructureBuilder@physx@@QEAA_NAEBVPxBVHStructureDesc@2@@Z 0000000180008370 f   BVHStructureBuilder.obj
 0001:00007840       ?moveData@BVHStructureBuilder@physx@@QEAAXAEAUBVHStructureData@Gu@2@@Z 0000000180008840 f   BVHStructureBuilder.obj
 0001:00007880       ?recreate@?$Array@USlab@NodeAllocator@Gu@physx@@V?$ReflectionAllocator@USlab@NodeAllocator@Gu@physx@@@shdfnd@4@@shdfnd@physx@@IEAAXI@Z 0000000180008880 f i BVHStructureBuilder.obj
 0001:00007930       ?reset@BuildStats@Gu@physx@@QEAAXXZ 0000000180008930 f i BVHStructureBuilder.obj
 0001:00007940       ?save@BVHStructureBuilder@physx@@QEBA_NAEAVPxOutputStream@2@_N@Z 0000000180008940 f   BVHStructureBuilder.obj
 0001:00007ac0       ?setCount@BuildStats@Gu@physx@@QEAAXI@Z 0000000180008ac0 f i BVHStructureBuilder.obj
 0001:00007ad0       ?setNbRunTimePrimitives@AABBTreeBuildNode@Gu@physx@@QEAAXI@Z 0000000180008ad0 f i BVHStructureBuilder.obj
 0001:00007ae0       ?saveHeightField@physx@@YA_NAEBVHeightField@Gu@1@AEAVPxOutputStream@1@_N@Z 0000000180008ae0 f   HeightFieldCooking.obj
 0001:00007d20       ??$quickSelectFirstK@UBoundsLTE@physx@@@quickSelect@physx@@YAXPEIAIIIIAEBUBoundsLTE@1@@Z 0000000180008d20 f i RTreeCooking.obj
 0001:00007f00       ??$smallSort@I$$CBUSortBoundsPredicate@physx@@@internal@shdfnd@physx@@YAXPEAIHHAEBUSortBoundsPredicate@2@@Z 0000000180008f00 f i RTreeCooking.obj
 0001:000081d0       ??$sort@IU?$Less@I@shdfnd@physx@@V?$ReflectionAllocator@I@23@@shdfnd@physx@@YAXPEAIIAEBU?$Less@I@01@AEBV?$ReflectionAllocator@I@01@I@Z 00000001800091d0 f i RTreeCooking.obj
 0001:00008620       ??$sort@IUSortBoundsPredicate@physx@@V?$ReflectionAllocator@I@shdfnd@2@@shdfnd@physx@@YAXPEAIIAEBUSortBoundsPredicate@1@AEBV?$ReflectionAllocator@I@01@I@Z 0000000180009620 f i RTreeCooking.obj
 0001:00008b20       ?allocate@?$Array@UInterval@physx@@V?$InlineAllocator@$0CAAA@V?$ReflectionAllocator@UInterval@physx@@@shdfnd@physx@@@shdfnd@2@@shdfnd@physx@@IEAAPEAUInterval@3@I@Z 0000000180009b20 f i RTreeCooking.obj
 0001:00008be0       ?allocate@?$Array@UPxBounds3V@physx@@V?$ReflectionAllocator@UPxBounds3V@physx@@@shdfnd@2@@shdfnd@physx@@IEAAPEAUPxBounds3V@3@I@Z 0000000180009be0 f i RTreeCooking.obj
 0001:00008c80       ?allocate@?$Array@URTreeNodeNQ@physx@@V?$ReflectionAllocator@URTreeNodeNQ@physx@@@shdfnd@2@@shdfnd@physx@@IEAAPEAURTreeNodeNQ@3@I@Z 0000000180009c80 f i RTreeCooking.obj
 0001:00008d20       ?allocate@?$Array@URTreeNodeQ@Gu@physx@@V?$ReflectionAllocator@URTreeNodeQ@Gu@physx@@@shdfnd@3@@shdfnd@physx@@IEAAPEAURTreeNodeQ@Gu@3@I@Z 0000000180009d20 f i RTreeCooking.obj
 0001:00008dc0       ?allocate@?$Array@VPxVec3@physx@@V?$ReflectionAllocator@VPxVec3@physx@@@shdfnd@2@@shdfnd@physx@@IEAAPEAVPxVec3@3@I@Z 0000000180009dc0 f i RTreeCooking.obj
 0001:00008e60       ?allocate@?$ReflectionAllocator@I@shdfnd@physx@@QEAAPEAX_KPEBDH@Z 0000000180009e60 f i RTreeCooking.obj
 0001:00009b30       ?buildFromTriangles@RTreeCooker@physx@@SAXAEAURTree@Gu@2@PEBVPxVec3@2@IPEBGPEBIIAEAV?$Array@IV?$ReflectionAllocator@I@shdfnd@physx@@@shdfnd@2@PEAURemapCallback@12@MW4Enum@PxMeshCookingHint@2@@Z 000000018000ab30 f   RTreeCooking.obj
 0001:00009dd0       ?copy@?$Array@URTreeNodeNQ@physx@@V?$ReflectionAllocator@URTreeNodeNQ@physx@@@shdfnd@2@@shdfnd@physx@@KAXPEAURTreeNodeNQ@3@0PEBU43@@Z 000000018000add0 f i RTreeCooking.obj
 0001:00009f90       ?copy@?$Array@VPxVec3@physx@@V?$ReflectionAllocator@VPxVec3@physx@@@shdfnd@2@@shdfnd@physx@@KAXPEAVPxVec3@3@0PEBV43@@Z 000000018000af90 f i RTreeCooking.obj
 0001:0000a060       ?growAndPushBack@?$Array@IV?$ReflectionAllocator@I@shdfnd@physx@@@shdfnd@physx@@IEAAAEAIAEBI@Z 000000018000b060 f i RTreeCooking.obj
 0001:0000a130       ?growAndPushBack@?$Array@UInterval@physx@@V?$InlineAllocator@$0CAAA@V?$ReflectionAllocator@UInterval@physx@@@shdfnd@physx@@@shdfnd@2@@shdfnd@physx@@IEAAAEAUInterval@3@AEBU43@@Z 000000018000b130 f i RTreeCooking.obj
 0001:0000a210       ?growAndPushBack@?$Array@UPxBounds3V@physx@@V?$ReflectionAllocator@UPxBounds3V@physx@@@shdfnd@2@@shdfnd@physx@@IEAAAEAUPxBounds3V@3@AEBU43@@Z 000000018000b210 f i RTreeCooking.obj
 0001:0000a2e0       ?growAndPushBack@?$Array@URTreeNodeNQ@physx@@V?$ReflectionAllocator@URTreeNodeNQ@physx@@@shdfnd@2@@shdfnd@physx@@IEAAAEAURTreeNodeNQ@3@AEBU43@@Z 000000018000b2e0 f i RTreeCooking.obj
 0001:0000a3b0       ?growAndPushBack@?$Array@URTreeNodeQ@Gu@physx@@V?$ReflectionAllocator@URTreeNodeQ@Gu@physx@@@shdfnd@3@@shdfnd@physx@@IEAAAEAURTreeNodeQ@Gu@3@AEBU453@@Z 000000018000b3b0 f i RTreeCooking.obj
 0001:0000a490       ?recreate@?$Array@IV?$ReflectionAllocator@I@shdfnd@physx@@@shdfnd@physx@@IEAAXI@Z 000000018000b490 f i RTreeCooking.obj
 0001:0000a550       ?recreate@?$Array@UPxBounds3V@physx@@V?$ReflectionAllocator@UPxBounds3V@physx@@@shdfnd@2@@shdfnd@physx@@IEAAXI@Z 000000018000b550 f i RTreeCooking.obj
 0001:0000a600       ?recreate@?$Array@URTreeNodeNQ@physx@@V?$ReflectionAllocator@URTreeNodeNQ@physx@@@shdfnd@2@@shdfnd@physx@@IEAAXI@Z 000000018000b600 f i RTreeCooking.obj
 0001:0000a690       ?recreate@?$Array@URTreeNodeQ@Gu@physx@@V?$ReflectionAllocator@URTreeNodeQ@Gu@physx@@@shdfnd@3@@shdfnd@physx@@IEAAXI@Z 000000018000b690 f i RTreeCooking.obj
 0001:0000a750       ?recreate@?$Array@VPxVec3@physx@@V?$ReflectionAllocator@VPxVec3@physx@@@shdfnd@2@@shdfnd@physx@@IEAAXI@Z 000000018000b750 f i RTreeCooking.obj
 0001:0000a7e0       ?resize@?$Array@IV?$ReflectionAllocator@I@shdfnd@physx@@@shdfnd@physx@@QEAAXIAEBI@Z 000000018000b7e0 f i RTreeCooking.obj
 0001:0000a8a0       ?resizeUninitialized@?$Array@URTreeNodeNQ@physx@@V?$ReflectionAllocator@URTreeNodeNQ@physx@@@shdfnd@2@@shdfnd@physx@@QEAAXI@Z 000000018000b8a0 f i RTreeCooking.obj
 0001:0000a8e0       ?sort4@SubSortQuick@physx@@QEAAXPEIAIIAEAV?$Array@URTreeNodeNQ@physx@@V?$ReflectionAllocator@URTreeNodeNQ@physx@@@shdfnd@2@@shdfnd@2@AEAIAEAUPxBounds3V@2@I@Z 000000018000b8e0 f i RTreeCooking.obj
 0001:0000ac70       ?sort4@SubSortSAH@physx@@QEAAXPEAIIAEAV?$Array@URTreeNodeNQ@physx@@V?$ReflectionAllocator@URTreeNodeNQ@physx@@@shdfnd@2@@shdfnd@2@AEAIIPEAURTreeNodeNQ@2@@Z 000000018000bc70 f i RTreeCooking.obj
 0001:0000b4c0       ?split@SubSortSAH@physx@@QEAAIPEAII@Z 000000018000c4c0 f i RTreeCooking.obj
 0001:0000bec0       ?computeLocalBounds@MeshBulider@physx@@IEAAXAEAVMeshDataBase@Gu@2@@Z 000000018000cec0 f   MeshBuilder.obj
 0001:0000bf50       ??$?_UG@@YAPEAX_KV?$ReflectionAllocator@G@shdfnd@physx@@PEBDH@Z 000000018000cf50 f i TriangleMeshBuilder.obj
 0001:0000bff0       ??$sort@UEdgeTriLookup@physx@@U?$Less@UEdgeTriLookup@physx@@@shdfnd@2@V?$ReflectionAllocator@UEdgeTriLookup@physx@@@42@@shdfnd@physx@@YAXPEAUEdgeTriLookup@1@IAEBU?$Less@UEdgeTriLookup@physx@@@01@AEBV?$ReflectionAllocator@UEdgeTriLookup@physx@@@01@I@Z 000000018000cff0 f i TriangleMeshBuilder.obj
 0001:0000c570       ??0BV4TriangleMeshBuilder@physx@@QEAA@AEBUPxCookingParams@1@@Z 000000018000d570 f   TriangleMeshBuilder.obj
 0001:0000c640       ??0RTreeTriangleMeshBuilder@physx@@QEAA@AEBUPxCookingParams@1@@Z 000000018000d640 f   TriangleMeshBuilder.obj
 0001:0000c700       ??1BV4TriangleMeshBuilder@physx@@UEAA@XZ 000000018000d700 f   TriangleMeshBuilder.obj
 0001:0000c760       ??1MeshDataBase@Gu@physx@@UEAA@XZ 000000018000d760 f i TriangleMeshBuilder.obj
 0001:0000c840       ??1RTreeTriangleData@Gu@physx@@UEAA@XZ 000000018000d840 f i TriangleMeshBuilder.obj
 0001:0000c8b0       ??1RTreeTriangleMeshBuilder@physx@@UEAA@XZ 000000018000d8b0 f   TriangleMeshBuilder.obj
 0001:0000c8e0       ??1TriangleMeshBuilder@physx@@UEAA@XZ 000000018000d8e0 f   TriangleMeshBuilder.obj
 0001:0000c940       ??1TriangleMeshData@Gu@physx@@UEAA@XZ 000000018000d940 f i TriangleMeshBuilder.obj
 0001:0000ca10       ??_GBV4TriangleData@Gu@physx@@UEAAPEAXI@Z 000000018000da10 f i TriangleMeshBuilder.obj
 0001:0000ca10       ??_EBV4TriangleData@Gu@physx@@UEAAPEAXI@Z 000000018000da10 f i TriangleMeshBuilder.obj
 0001:0000ca90       ??_EBV4TriangleMeshBuilder@physx@@UEAAPEAXI@Z 000000018000da90 f i TriangleMeshBuilder.obj
 0001:0000ca90       ??_GBV4TriangleMeshBuilder@physx@@UEAAPEAXI@Z 000000018000da90 f i TriangleMeshBuilder.obj
 0001:0000cb10       ??_GMeshDataBase@Gu@physx@@UEAAPEAXI@Z 000000018000db10 f i TriangleMeshBuilder.obj
 0001:0000cb10       ??_EMeshDataBase@Gu@physx@@UEAAPEAXI@Z 000000018000db10 f i TriangleMeshBuilder.obj
 0001:0000cb70       ??_GRTreeCookerRemap@physx@@UEAAPEAXI@Z 000000018000db70 f i TriangleMeshBuilder.obj
 0001:0000cb70       ??_ERTreeCookerRemap@physx@@UEAAPEAXI@Z 000000018000db70 f i TriangleMeshBuilder.obj
 0001:0000cba0       ??_ERTreeTriangleData@Gu@physx@@UEAAPEAXI@Z 000000018000dba0 f i TriangleMeshBuilder.obj
 0001:0000cba0       ??_GRTreeTriangleData@Gu@physx@@UEAAPEAXI@Z 000000018000dba0 f i TriangleMeshBuilder.obj
 0001:0000cc00       ??_GRTreeTriangleMeshBuilder@physx@@UEAAPEAXI@Z 000000018000dc00 f i TriangleMeshBuilder.obj
 0001:0000cc00       ??_ERTreeTriangleMeshBuilder@physx@@UEAAPEAXI@Z 000000018000dc00 f i TriangleMeshBuilder.obj
 0001:0000cc50       ??_GRemapCallback@RTreeCooker@physx@@UEAAPEAXI@Z 000000018000dc50 f i TriangleMeshBuilder.obj
 0001:0000cc50       ??_ERemapCallback@RTreeCooker@physx@@UEAAPEAXI@Z 000000018000dc50 f i TriangleMeshBuilder.obj
 0001:0000cc80       ??_GTriangleMeshBuilder@physx@@UEAAPEAXI@Z 000000018000dc80 f i TriangleMeshBuilder.obj
 0001:0000cc80       ??_ETriangleMeshBuilder@physx@@UEAAPEAXI@Z 000000018000dc80 f i TriangleMeshBuilder.obj
 0001:0000ccc0       ??_ETriangleMeshData@Gu@physx@@UEAAPEAXI@Z 000000018000dcc0 f i TriangleMeshBuilder.obj
 0001:0000ccc0       ??_GTriangleMeshData@Gu@physx@@UEAAPEAXI@Z 000000018000dcc0 f i TriangleMeshBuilder.obj
 0001:0000cd20       ?allocateTriangles@TriangleMeshData@Gu@physx@@QEAAPEAXI_NI@Z 000000018000dd20 f i TriangleMeshBuilder.obj
 0001:0000ce00       ?allocateVertices@MeshDataBase@Gu@physx@@QEAAPEAVPxVec3@3@I@Z 000000018000de00 f i TriangleMeshBuilder.obj
 0001:0000d340       ?checkMeshIndicesSize@TriangleMeshBuilder@physx@@QEAAXXZ 000000018000e340 f   TriangleMeshBuilder.obj
 0001:0000d450       ?cleanMesh@TriangleMeshBuilder@physx@@QEAA_N_NPEAW4Enum@PxTriangleMeshCookingResult@2@@Z 000000018000e450 f   TriangleMeshBuilder.obj
 0001:0000d940       ?createGRBMidPhaseAndData@TriangleMeshBuilder@physx@@QEAAXI@Z 000000018000e940 f   TriangleMeshBuilder.obj
 0001:0000dbc0       ?createMidPhaseStructure@BV32TriangleMeshBuilder@physx@@SAXAEBUPxCookingParams@2@AEAVTriangleMeshData@Gu@2@AEAVBV32Tree@52@@Z 000000018000ebc0 f   TriangleMeshBuilder.obj
 0001:0000dd90       ?createMidPhaseStructure@BV4TriangleMeshBuilder@physx@@UEAAXXZ 000000018000ed90 f   TriangleMeshBuilder.obj
 0001:0000e050       ?createMidPhaseStructure@RTreeTriangleMeshBuilder@physx@@UEAAXXZ 000000018000f050 f   TriangleMeshBuilder.obj
 0001:0000e130       ?createSharedEdgeData@TriangleMeshBuilder@physx@@QEAAX_N0@Z 000000018000f130 f   TriangleMeshBuilder.obj
 0001:0000e7e0       ?raw_length@charNode@@UEBAHXZ 000000018000f7e0 f i libvcruntime:undname.obj
 0001:0000e7e0       ?length@charNode@@UEBAHXZ  000000018000f7e0 f i libvcruntime:undname.obj
 0001:0000e7e0       ?getMidphaseID@BV4TriangleMeshBuilder@physx@@UEBA?AW4Enum@PxMeshMidPhase@2@XZ 000000018000f7e0 f i TriangleMeshBuilder.obj
 0001:0000e7e0       DllMain                    000000018000f7e0 f i LIBCMT:dll_dllmain_stub.obj
 0001:0000e7e0       _get_startup_argv_mode     000000018000f7e0 f i LIBCMT:argv_mode.obj
 0001:0000e7f0       ?getMidphaseID@RTreeTriangleMeshBuilder@physx@@UEBA?AW4Enum@PxMeshMidPhase@2@XZ 000000018000f7f0 f i TriangleMeshBuilder.obj
 0001:0000e800       ?importMesh@TriangleMeshBuilder@physx@@IEAA_NAEBVPxTriangleMeshDesc@2@AEBUPxCookingParams@2@PEAW4Enum@PxTriangleMeshCookingResult@2@_N@Z 000000018000f800 f   TriangleMeshBuilder.obj
 0001:0000eb80       ?loadFromDesc@TriangleMeshBuilder@physx@@QEAA_NAEBVPxTriangleMeshDesc@2@PEAW4Enum@PxTriangleMeshCookingResult@2@_N@Z 000000018000fb80 f   TriangleMeshBuilder.obj
 0001:0000f000       ?onMeshIndexFormatChange@BV4TriangleMeshBuilder@physx@@UEAAXXZ 0000000180010000 f   TriangleMeshBuilder.obj
 0001:0000f040       ?remap@RTreeCookerRemap@physx@@UEAAXPEAIII@Z 0000000180010040 f i TriangleMeshBuilder.obj
 0001:0000f060       ?remapTopology@TriangleMeshBuilder@physx@@QEAAXPEBI@Z 0000000180010060 f   TriangleMeshBuilder.obj
 0001:0000f360       ?save@TriangleMeshBuilder@physx@@QEBA_NAEAVPxOutputStream@2@_NAEBUPxCookingParams@2@@Z 0000000180010360 f   TriangleMeshBuilder.obj
 0001:0000f930       ?saveMidPhaseStructure@BV4TriangleMeshBuilder@physx@@UEBAXAEAVPxOutputStream@2@_N@Z 0000000180010930 f   TriangleMeshBuilder.obj
 0001:0000fad0       ?saveMidPhaseStructure@RTreeTriangleMeshBuilder@physx@@UEBAXAEAVPxOutputStream@2@_N@Z 0000000180010ad0 f   TriangleMeshBuilder.obj
 0001:0000fd10       ??0BigConvexDataBuilder@physx@@QEAA@PEBUConvexHullData@Gu@1@PEAVBigConvexData@1@PEBVPxVec3@1@@Z 0000000180010d10 f   BigConvexDataBuilder.obj
 0001:0000fd20       ??4BigConvexData@physx@@QEAAAEAV01@AEBV01@@Z 0000000180010d20 f i BigConvexDataBuilder.obj
 0001:0000fd40       ?GetAdjacentVerts@BigConvexData@physx@@QEBAPEBEXZ 0000000180010d40 f i BigConvexDataBuilder.obj
 0001:0000fd50       ?GetNbNeighbors@BigConvexData@physx@@QEBAGI@Z 0000000180010d50 f i BigConvexDataBuilder.obj
 0001:0000fd50       ?GetValency@BigConvexData@physx@@QEBAGI@Z 0000000180010d50 f i BigConvexDataBuilder.obj
 0001:0000fd60       ?GetNbSamples@BigConvexData@physx@@QEBAIXZ 0000000180010d60 f i BigConvexDataBuilder.obj
 0001:0000fd70       ?GetNbVerts@BigConvexData@physx@@QEBAIXZ 0000000180010d70 f i BigConvexDataBuilder.obj
 0001:0000fd70       ?length@pcharNode@@UEBAHXZ 0000000180010d70 f i libvcruntime:undname.obj
 0001:0000fd70       ?raw_length@pcharNode@@UEBAHXZ 0000000180010d70 f i libvcruntime:undname.obj
 0001:0000fd80       ?GetNeighbors@BigConvexData@physx@@QEBAPEBEI@Z 0000000180010d80 f i BigConvexDataBuilder.obj
 0001:0000fd90       ?GetOffset@BigConvexData@physx@@QEBAGI@Z 0000000180010d90 f i BigConvexDataBuilder.obj
 0001:0000fda0       ?GetSubdiv@BigConvexData@physx@@QEBAIXZ 0000000180010da0 f i BigConvexDataBuilder.obj
 0001:0000fdb0       ?computeValencies@BigConvexDataBuilder@physx@@QEAA_NAEBVConvexHullBuilder@2@@Z 0000000180010db0 f   BigConvexDataBuilder.obj
 0001:000101a0       ?precompute@BigConvexDataBuilder@physx@@QEAA_NI@Z 00000001800111a0 f   BigConvexDataBuilder.obj
 0001:00010de0       ?save@BigConvexDataBuilder@physx@@QEBA_NAEAVPxOutputStream@2@_N@Z 0000000180011de0 f   BigConvexDataBuilder.obj
 0001:00011020       ??$?_UE@@YAPEAX_KV?$ReflectionAllocator@E@shdfnd@physx@@PEBDH@Z 0000000180012020 f i ConvexHullBuilder.obj
 0001:000110c0       ??0ConvexHullBuilder@physx@@QEAA@PEAUConvexHullData@Gu@1@_N@Z 00000001800120c0 f   ConvexHullBuilder.obj
 0001:000110f0       ??1ConvexHullBuilder@physx@@QEAA@XZ 00000001800120f0 f   ConvexHullBuilder.obj
 0001:000111f0       ?calculateVertexMapTable@ConvexHullBuilder@physx@@QEAA_NI_N@Z 00000001800121f0 f   ConvexHullBuilder.obj
 0001:00011400       ?checkHullPolygons@ConvexHullBuilder@physx@@QEBA_NXZ 0000000180012400 f   ConvexHullBuilder.obj
 0001:000119e0       ?computeGeomCenter@ConvexHullBuilder@physx@@IEBA_NAEAVPxVec3@2@IPEAUHullTriangleData@2@@Z 00000001800129e0 f   ConvexHullBuilder.obj
 0001:00011ca0       ?copy@ConvexHullBuilder@physx@@QEAA_NAEAUConvexHullData@Gu@2@AEAI@Z 0000000180012ca0 f   ConvexHullBuilder.obj
 0001:00011f20       ?createEdgeList@ConvexHullBuilder@physx@@QEAA_N_NI@Z 0000000180012f20 f   ConvexHullBuilder.obj
 0001:00012790       ?init@ConvexHullBuilder@physx@@QEAA_NIPEBVPxVec3@2@PEBIIIPEBUPxHullPolygon@2@_NPEAVConvexHullLib@2@@Z 0000000180013790 f   ConvexHullBuilder.obj
 0001:000130f0       ?save@ConvexHullBuilder@physx@@QEBA_NAEAVPxOutputStream@2@_N@Z 00000001800140f0 f   ConvexHullBuilder.obj
 0001:00013410       ??1ConvexHullLib@physx@@UEAA@XZ 0000000180014410 f   ConvexHullLib.obj
 0001:00013470       ??_EConvexHullLib@physx@@UEAAPEAXI@Z 0000000180014470 f i ConvexHullLib.obj
 0001:00013470       ??_GConvexHullLib@physx@@UEAAPEAXI@Z 0000000180014470 f i ConvexHullLib.obj
 0001:000139e0       ?cleanupVertices@ConvexHullLib@physx@@IEAA_NIPEBVPxVec3@2@IAEAIPEAV32@AEAV32@3@Z 00000001800149e0 f   ConvexHullLib.obj
 0001:00013e60       ?shiftAndcleanupVertices@ConvexHullLib@physx@@IEAA_NIPEBVPxVec3@2@IAEAIPEAV32@AEAV32@3@Z 0000000180014e60 f   ConvexHullLib.obj
 0001:00014340       ?shiftConvexMeshDesc@ConvexHullLib@physx@@IEAAXAEAVPxConvexMeshDesc@2@@Z 0000000180015340 f   ConvexHullLib.obj
 0001:00014400       ?swapLargestFace@ConvexHullLib@physx@@IEAAXAEAVPxConvexMeshDesc@2@@Z 0000000180015400 f   ConvexHullLib.obj
 0001:000145f0       ??0Box@Gu@physx@@QEAA@AEBV012@@Z 00000001800155f0 f i ConvexHullUtils.obj
 0001:000145f0       ??4Box@Gu@physx@@QEAAAEBV012@AEBV012@@Z 00000001800155f0 f i ConvexHullUtils.obj
 0001:00014650       ??0Box@Gu@physx@@QEAA@AEBVPxVec3@2@0AEBVPxMat33@2@@Z 0000000180015650 f i ConvexHullUtils.obj
 0001:000146c0       ??0ConvexHull@physx@@QEAA@AEBVPxVec3@1@AEBVPxTransform@1@AEBV?$Array@VPxPlane@physx@@V?$ReflectionAllocator@VPxPlane@physx@@@shdfnd@2@@shdfnd@1@@Z 00000001800156c0 f   ConvexHullUtils.obj
 0001:00015820       ??0PxQuat@physx@@QEAA@AEBVPxMat33@1@@Z 0000000180016820 f i ConvexHullUtils.obj
 0001:00015a00       ?allocate@?$Array@VHalfEdge@ConvexHull@physx@@V?$ReflectionAllocator@VHalfEdge@ConvexHull@physx@@@shdfnd@3@@shdfnd@physx@@IEAAPEAVHalfEdge@ConvexHull@3@I@Z 0000000180016a00 f i ConvexHullUtils.obj
 0001:00015aa0       ?allocate@?$Array@VPxPlane@physx@@V?$ReflectionAllocator@VPxPlane@physx@@@shdfnd@2@@shdfnd@physx@@IEAAPEAVPxPlane@3@I@Z 0000000180016aa0 f i ConvexHullUtils.obj
 0001:00015b40       ?assertIntact@ConvexHull@physx@@QEBA_NM@Z 0000000180016b40 f   ConvexHullUtils.obj
 0001:00015e50       ?computeAABBExtent@Box@Gu@physx@@QEBA?AVPxVec3@3@XZ 0000000180016e50 f i ConvexHullUtils.obj
 0001:00015f10       ?computeBoxPoints@Box@Gu@physx@@QEBAXPEIAVPxVec3@3@@Z 0000000180016f10 f i ConvexHullUtils.obj
 0001:00015f50       ?computeOBBFromConvex@physx@@YA_NAEBVPxConvexMeshDesc@1@AEAVPxVec3@1@AEAVPxTransform@1@@Z 0000000180016f50 f   ConvexHullUtils.obj
 0001:00016660       ?computeOBBSIMD@local@@YAXIPEBT__m128@@AEAT2@AEBT2@1@Z 0000000180017660 f   ConvexHullUtils.obj
 0001:00016a70       ?convexHullCrop@physx@@YAPEAVConvexHull@1@AEBV21@AEBVPxPlane@1@M@Z 0000000180017a70 f   ConvexHullUtils.obj
 0001:00017820       ?copy@?$Array@VPxPlane@physx@@V?$ReflectionAllocator@VPxPlane@physx@@@shdfnd@2@@shdfnd@physx@@KAXPEAVPxPlane@3@0PEBV43@@Z 0000000180018820 f i ConvexHullUtils.obj
 0001:00017920       ?findCandidatePlane@ConvexHull@physx@@QEBAHMM@Z 0000000180018920 f   ConvexHullUtils.obj
 0001:00017d90       ?getInverse@PxMat33@physx@@QEBA?BV12@XZ 0000000180018d90 f i ConvexHullUtils.obj
 0001:00017fe0       ?getTransform@Box@Gu@physx@@QEBA?AVPxTransform@3@XZ 0000000180018fe0 f i ConvexHullUtils.obj
 0001:00018040       ?growAndPushBack@?$Array@VHalfEdge@ConvexHull@physx@@V?$ReflectionAllocator@VHalfEdge@ConvexHull@physx@@@shdfnd@3@@shdfnd@physx@@IEAAAEAVHalfEdge@ConvexHull@3@AEBV453@@Z 0000000180019040 f i ConvexHullUtils.obj
 0001:00018100       ?growAndPushBack@?$Array@VPxPlane@physx@@V?$ReflectionAllocator@VPxPlane@physx@@@shdfnd@2@@shdfnd@physx@@IEAAAEAVPxPlane@3@AEBV43@@Z 0000000180019100 f i ConvexHullUtils.obj
 0001:000181c0       ?isValid@Box@Gu@physx@@QEBA_NXZ 00000001800191c0 f i ConvexHullUtils.obj
 0001:000181e0       ?maxNumVertsPerFace@ConvexHull@physx@@QEBAIXZ 00000001800191e0 f   ConvexHullUtils.obj
 0001:00018250       ?recreate@?$Array@VHalfEdge@ConvexHull@physx@@V?$ReflectionAllocator@VHalfEdge@ConvexHull@physx@@@shdfnd@3@@shdfnd@physx@@IEAAXI@Z 0000000180019250 f i ConvexHullUtils.obj
 0001:000182f0       ?recreate@?$Array@VPxPlane@physx@@V?$ReflectionAllocator@VPxPlane@physx@@@shdfnd@2@@shdfnd@physx@@IEAAXI@Z 00000001800192f0 f i ConvexHullUtils.obj
 0001:00018380       ?resize@?$Array@VHalfEdge@ConvexHull@physx@@V?$ReflectionAllocator@VHalfEdge@ConvexHull@physx@@@shdfnd@3@@shdfnd@physx@@QEAAXIAEBVHalfEdge@ConvexHull@3@@Z 0000000180019380 f i ConvexHullUtils.obj
 0001:00018440       ?resize@?$Array@VPxPlane@physx@@V?$ReflectionAllocator@VPxPlane@physx@@@shdfnd@2@@shdfnd@physx@@QEAAXIAEBVPxPlane@3@@Z 0000000180019440 f i ConvexHullUtils.obj
 0001:00018560       ?resize@?$Array@VPxVec3@physx@@V?$ReflectionAllocator@VPxVec3@physx@@@shdfnd@2@@shdfnd@physx@@QEAAXIAEBVPxVec3@3@@Z 0000000180019560 f i ConvexHullUtils.obj
 0001:00018650       ?rotate@Box@Gu@physx@@QEBA?AVPxVec3@3@AEBV43@@Z 0000000180019650 f i ConvexHullUtils.obj
 0001:000186e0       ?rotateInv@Box@Gu@physx@@QEBA?AVPxVec3@3@AEBV43@@Z 00000001800196e0 f i ConvexHullUtils.obj
 0001:00018770       ?setAxes@Box@Gu@physx@@QEAAXAEBVPxVec3@3@00@Z 0000000180019770 f i ConvexHullUtils.obj
 0001:000187b0       ?setEmpty@Box@Gu@physx@@QEAAXXZ 00000001800197b0 f i ConvexHullUtils.obj
 0001:000187f0       ?transform@Box@Gu@physx@@QEBA?AVPxVec3@3@AEBV43@@Z 00000001800197f0 f i ConvexHullUtils.obj
 0001:00018890       ??0ConvexMeshBuilder@physx@@QEAA@_N@Z 0000000180019890 f   ConvexMeshBuilder.obj
 0001:000188f0       ??1ConvexMeshBuilder@physx@@QEAA@XZ 00000001800198f0 f   ConvexMeshBuilder.obj
 0001:00018d40       ?build@ConvexMeshBuilder@physx@@QEAA_NAEBVPxConvexMeshDesc@2@I_NPEAVConvexHullLib@2@@Z 0000000180019d40 f   ConvexMeshBuilder.obj
 0001:00019060       ?computeHullPolygons@ConvexMeshBuilder@physx@@QEAA_NAEBIPEBVPxVec3@2@0PEBIAEAVPxAllocatorCallback@2@AEAIAEAPEAV32@4AEAPEAI4AEAPEAUPxHullPolygon@2@@Z 000000018001a060 f   ConvexMeshBuilder.obj
 0001:00019280       ?computeMassInfo@ConvexMeshBuilder@physx@@QEAAX_N@Z 000000018001a280 f   ConvexMeshBuilder.obj
 0001:00019650       ?copy@ConvexMeshBuilder@physx@@QEAA_NAEAUConvexHullInitData@Gu@2@@Z 000000018001a650 f   ConvexMeshBuilder.obj
 0001:00019770       ?isFinite@PxVec3@physx@@QEBA_NXZ 000000018001a770 f i ConvexMeshBuilder.obj
 0001:000197d0       ?loadConvexHull@ConvexMeshBuilder@physx@@QEAA_NAEBVPxConvexMeshDesc@2@PEAVConvexHullLib@2@@Z 000000018001a7d0 f   ConvexMeshBuilder.obj
 0001:00019a50       ?save@ConvexMeshBuilder@physx@@QEBA_NAEAVPxOutputStream@2@_N@Z 000000018001aa50 f   ConvexMeshBuilder.obj
 0001:00019c60       ??$copy@V?$ReflectionAllocator@VPair@@@shdfnd@physx@@@?$Array@VPair@@V?$ReflectionAllocator@VPair@@@shdfnd@physx@@@shdfnd@physx@@IEAAXAEBV012@@Z 000000018001ac60 f i ConvexPolygonsBuilder.obj
 0001:00019ce0       ??0ConvexPolygonsBuilder@physx@@QEAA@PEAUConvexHullData@Gu@1@_N@Z 000000018001ace0 f   ConvexPolygonsBuilder.obj
 0001:00019d00       ??1ConvexPolygonsBuilder@physx@@QEAA@XZ 000000018001ad00 f   ConvexPolygonsBuilder.obj
 0001:0001a550       ?allocate@?$Array@VPair@@V?$ReflectionAllocator@VPair@@@shdfnd@physx@@@shdfnd@physx@@IEAAPEAVPair@@I@Z 000000018001b550 f i ConvexPolygonsBuilder.obj
 0001:0001ad70       ?computeHullPolygons@ConvexPolygonsBuilder@physx@@QEAA_NAEBIPEBVPxVec3@2@0PEBI@Z 000000018001bd70 f   ConvexPolygonsBuilder.obj
 0001:0001be10       ?createPolygonData@ConvexPolygonsBuilder@physx@@AEAA_NXZ 000000018001ce10 f   ConvexPolygonsBuilder.obj
 0001:0001c9f0       ?createTrianglesFromPolygons@ConvexPolygonsBuilder@physx@@AEAA_NXZ 000000018001d9f0 f   ConvexPolygonsBuilder.obj
 0001:0001e070       ?growAndPushBack@?$Array@VPair@@V?$ReflectionAllocator@VPair@@@shdfnd@physx@@@shdfnd@physx@@IEAAAEAVPair@@AEBV4@@Z 000000018001f070 f i ConvexPolygonsBuilder.obj
 0001:0001e130       ??0QuickHull@local@@QEAA@AEBUPxCookingParams@physx@@AEBVPxConvexMeshDesc@3@@Z 000000018001f130 f   QuickHullConvexHullLib.obj
 0001:0001e1e0       ??0QuickHullConvexHullLib@physx@@QEAA@AEBVPxConvexMeshDesc@1@AEBUPxCookingParams@1@@Z 000000018001f1e0 f   QuickHullConvexHullLib.obj
 0001:0001e2d0       ??1?$MemBlock@UQuickHullHalfEdge@local@@$0A@@local@@QEAA@XZ 000000018001f2d0 f i QuickHullConvexHullLib.obj
 0001:0001e2d0       ??1?$MemBlock@UQuickHullFace@local@@$00@local@@QEAA@XZ 000000018001f2d0 f i QuickHullConvexHullLib.obj
 0001:0001e360       ??1QuickHull@local@@QEAA@XZ 000000018001f360 f   QuickHullConvexHullLib.obj
 0001:0001e4a0       ??_GConvexHull@physx@@QEAAPEAXI@Z 000000018001f4a0 f i QuickHullConvexHullLib.obj
 0001:0001e580       ??_EQuickHullConvexHullLib@physx@@UEAAPEAXI@Z 000000018001f580 f i QuickHullConvexHullLib.obj
 0001:0001e580       ??_GQuickHullConvexHullLib@physx@@UEAAPEAXI@Z 000000018001f580 f i QuickHullConvexHullLib.obj
 0001:0001e680       ?addPointToHull@QuickHull@local@@IEAA_NPEBUQuickHullVertex@2@AEAUQuickHullFace@2@AEA_N@Z 000000018001f680 f   QuickHullConvexHullLib.obj
 0001:0001e950       ?addSimplex@QuickHull@local@@IEAAXPEAUQuickHullVertex@2@_N@Z 000000018001f950 f   QuickHullConvexHullLib.obj
 0001:0001ee20       ?allocate@?$Array@PEAUQuickHullFace@local@@V?$ReflectionAllocator@PEAUQuickHullFace@local@@@shdfnd@physx@@@shdfnd@physx@@IEAAPEAPEAUQuickHullFace@local@@I@Z 000000018001fe20 f i QuickHullConvexHullLib.obj
 0001:0001eec0       ?allocate@?$Array@PEAUQuickHullHalfEdge@local@@V?$ReflectionAllocator@PEAUQuickHullHalfEdge@local@@@shdfnd@physx@@@shdfnd@physx@@IEAAPEAPEAUQuickHullHalfEdge@local@@I@Z 000000018001fec0 f i QuickHullConvexHullLib.obj
 0001:0001ef60       ?allocate@?$Array@PEAUQuickHullVertex@local@@V?$ReflectionAllocator@PEAUQuickHullVertex@local@@@shdfnd@physx@@@shdfnd@physx@@IEAAPEAPEAUQuickHullVertex@local@@I@Z 000000018001ff60 f i QuickHullConvexHullLib.obj
 0001:0001f000       ?allocate@?$Array@UExpandPoint@local@@V?$ReflectionAllocator@UExpandPoint@local@@@shdfnd@physx@@@shdfnd@physx@@IEAAPEAUExpandPoint@local@@I@Z 0000000180020000 f i QuickHullConvexHullLib.obj
 0001:0001f0a0       ?buildHull@QuickHull@local@@QEAA?AW4Enum@QuickHullResult@2@XZ 00000001800200a0 f   QuickHullConvexHullLib.obj
 0001:0001f2b0       ?calculateHorizon@QuickHull@local@@IEAAXAEBVPxVec3@physx@@PEAUQuickHullHalfEdge@2@AEAUQuickHullFace@2@AEAV?$Array@PEAUQuickHullHalfEdge@local@@V?$ReflectionAllocator@PEAUQuickHullHalfEdge@local@@@shdfnd@physx@@@shdfnd@4@AEAV?$Array@PEAUQuickHullFace@local@@V?$ReflectionAllocator@PEAUQuickHullFace@local@@@shdfnd@physx@@@84@@Z 00000001800202b0 f   QuickHullConvexHullLib.obj
 0001:0001f460       ?canMergeFaces@QuickHull@local@@IEAA_NAEBUQuickHullHalfEdge@2@@Z 0000000180020460 f   QuickHullConvexHullLib.obj
 0001:0001fc90       ?cleanupForSimplex@QuickHullConvexHullLib@physx@@IEAA_NPEAVPxVec3@2@IPEAUQuickHullVertex@local@@1AEAM2@Z 0000000180020c90 f   QuickHullConvexHullLib.obj
 0001:00020860       ?computeMinMaxVerts@QuickHull@local@@IEAAXXZ 0000000180021860 f   QuickHullConvexHullLib.obj
 0001:00020c30       ?connectHalfEdges@QuickHullFace@local@@AEAAPEAU12@PEAUQuickHullHalfEdge@2@0@Z 0000000180021c30 f   QuickHullConvexHullLib.obj
 0001:00020f90       ?copy@?$Array@UExpandPoint@local@@V?$ReflectionAllocator@UExpandPoint@local@@@shdfnd@physx@@@shdfnd@physx@@KAXPEAUExpandPoint@local@@0PEBU45@@Z 0000000180021f90 f i QuickHullConvexHullLib.obj
 0001:00021040       ?createConvexHull@QuickHullConvexHullLib@physx@@UEAA?AW4Enum@PxConvexMeshCookingResult@2@XZ 0000000180022040 f   QuickHullConvexHullLib.obj
 0001:00021440       ?createEdgeList@QuickHullConvexHullLib@physx@@UEAA_NIPEBEPEAPEAEPEAPEAG2@Z 0000000180022440 f   QuickHullConvexHullLib.obj
 0001:00021670       ?createTriangle@QuickHull@local@@IEAAPEAUQuickHullFace@2@AEBUQuickHullVertex@2@00@Z 0000000180022670 f   QuickHullConvexHullLib.obj
 0001:00021a00       ?doAdjacentMerge@QuickHull@local@@IEAA_NAEAUQuickHullFace@2@_NAEA_N@Z 0000000180022a00 f   QuickHullConvexHullLib.obj
 0001:00021d40       ?expandHull@QuickHullConvexHullLib@physx@@IEAA?AW4Enum@PxConvexMeshCookingResult@2@XZ 0000000180022d40 f   QuickHullConvexHullLib.obj
 0001:00022a20       ?expandHullOBB@QuickHullConvexHullLib@physx@@IEAA?AW4Enum@PxConvexMeshCookingResult@2@XZ 0000000180023a20 f   QuickHullConvexHullLib.obj
 0001:00022e40       ?fillConvexMeshDesc@QuickHullConvexHullLib@physx@@UEAAXAEAVPxConvexMeshDesc@2@@Z 0000000180023e40 f   QuickHullConvexHullLib.obj
 0001:00022e90       ?fillConvexMeshDescFromCroppedHull@QuickHullConvexHullLib@physx@@IEAAXAEAVPxConvexMeshDesc@2@@Z 0000000180023e90 f   QuickHullConvexHullLib.obj
 0001:00023090       ?fillConvexMeshDescFromQuickHull@QuickHullConvexHullLib@physx@@IEAAXAEAVPxConvexMeshDesc@2@@Z 0000000180024090 f   QuickHullConvexHullLib.obj
 0001:00023420       ?findSimplex@QuickHull@local@@IEAA_NXZ 0000000180024420 f   QuickHullConvexHullLib.obj
 0001:000240d0       ?getFreeItem@?$MemBlock@UQuickHullFace@local@@$00@local@@QEAAPEAUQuickHullFace@2@XZ 00000001800250d0 f i QuickHullConvexHullLib.obj
 0001:00024200       ?getFreeItem@?$MemBlock@UQuickHullHalfEdge@local@@$0A@@local@@QEAAPEAUQuickHullHalfEdge@2@XZ 0000000180025200 f i QuickHullConvexHullLib.obj
 0001:000242d0       ?growAndPushBack@?$Array@PEAUQuickHullFace@local@@V?$ReflectionAllocator@PEAUQuickHullFace@local@@@shdfnd@physx@@@shdfnd@physx@@IEAAAEAPEAUQuickHullFace@local@@AEBQEAU45@@Z 00000001800252d0 f i QuickHullConvexHullLib.obj
 0001:00024390       ?growAndPushBack@?$Array@PEAUQuickHullHalfEdge@local@@V?$ReflectionAllocator@PEAUQuickHullHalfEdge@local@@@shdfnd@physx@@@shdfnd@physx@@IEAAAEAPEAUQuickHullHalfEdge@local@@AEBQEAU45@@Z 0000000180025390 f i QuickHullConvexHullLib.obj
 0001:00024450       ?growAndPushBack@?$Array@PEAUQuickHullVertex@local@@V?$ReflectionAllocator@PEAUQuickHullVertex@local@@@shdfnd@physx@@@shdfnd@physx@@IEAAAEAPEAUQuickHullVertex@local@@AEBQEAU45@@Z 0000000180025450 f i QuickHullConvexHullLib.obj
 0001:00024510       ?growAndPushBack@?$Array@UExpandPoint@local@@V?$ReflectionAllocator@UExpandPoint@local@@@shdfnd@physx@@@shdfnd@physx@@IEAAAEAUExpandPoint@local@@AEBU45@@Z 0000000180025510 f i QuickHullConvexHullLib.obj
 0001:00024610       ?init@?$MemBlock@UQuickHullFace@local@@$00@local@@QEAAXI@Z 0000000180025610 f i QuickHullConvexHullLib.obj
 0001:00024710       ?init@?$MemBlock@UQuickHullHalfEdge@local@@$0A@@local@@QEAAXI@Z 0000000180025710 f i QuickHullConvexHullLib.obj
 0001:000247b0       ?mergeAdjacentFace@QuickHullFace@local@@QEAA_NPEAUQuickHullHalfEdge@2@AEAV?$Array@PEAUQuickHullFace@local@@V?$ReflectionAllocator@PEAUQuickHullFace@local@@@shdfnd@physx@@@shdfnd@physx@@@Z 00000001800257b0 f   QuickHullConvexHullLib.obj
 0001:00024c00       ?nextPointToAdd@QuickHull@local@@IEAAPEAUQuickHullVertex@2@AEAPEAUQuickHullFace@2@@Z 0000000180025c00 f   QuickHullConvexHullLib.obj
 0001:00024d80       ?parseInputVertices@QuickHull@local@@QEAAXPEBVPxVec3@physx@@I@Z 0000000180025d80 f   QuickHullConvexHullLib.obj
 0001:00024f10       ?postMergeHull@QuickHull@local@@IEAAXXZ 0000000180025f10 f   QuickHullConvexHullLib.obj
 0001:00025160       ?preallocate@QuickHull@local@@QEAAXI@Z 0000000180026160 f   QuickHullConvexHullLib.obj
 0001:000252a0       ?recreate@?$Array@PEAUQuickHullFace@local@@V?$ReflectionAllocator@PEAUQuickHullFace@local@@@shdfnd@physx@@@shdfnd@physx@@IEAAXI@Z 00000001800262a0 f i QuickHullConvexHullLib.obj
 0001:00025340       ?recreate@?$Array@PEAUQuickHullHalfEdge@local@@V?$ReflectionAllocator@PEAUQuickHullHalfEdge@local@@@shdfnd@physx@@@shdfnd@physx@@IEAAXI@Z 0000000180026340 f i QuickHullConvexHullLib.obj
 0001:000253e0       ?recreate@?$Array@PEAUQuickHullVertex@local@@V?$ReflectionAllocator@PEAUQuickHullVertex@local@@@shdfnd@physx@@@shdfnd@physx@@IEAAXI@Z 00000001800263e0 f i QuickHullConvexHullLib.obj
 0001:00025480       ?recreate@?$Array@UExpandPoint@local@@V?$ReflectionAllocator@UExpandPoint@local@@@shdfnd@physx@@@shdfnd@physx@@IEAAXI@Z 0000000180026480 f i QuickHullConvexHullLib.obj
 0001:00025510       ?resolveUnclaimedPoints@QuickHull@local@@IEAAXAEBV?$Array@PEAUQuickHullFace@local@@V?$ReflectionAllocator@PEAUQuickHullFace@local@@@shdfnd@physx@@@shdfnd@physx@@@Z 0000000180026510 f   QuickHullConvexHullLib.obj
 0001:00026210       ?computeVolumeIntegralsEberly@physx@@YA_NAEBVPxConvexMeshDesc@1@MAEAUPxIntegrals@1@AEBVPxVec3@1@@Z 0000000180027210 f   VolumeIntegration.obj
 0001:00026250       ?computeVolumeIntegralsEberlySIMD@physx@@YA_NAEBVPxConvexMeshDesc@1@MAEAUPxIntegrals@1@AEBVPxVec3@1@@Z 0000000180027250 f   VolumeIntegration.obj
 0001:00026890       ?cookingDelayHook@@YAP6A_JXZIPEAUDelayLoadInfo@@@Z 0000000180027890 f   WindowsCookingDelayLoadHook.obj
 0001:00026970       PxSetPhysXCookingDelayLoadHook 0000000180027970 f   WindowsCookingDelayLoadHook.obj
 0001:00026978       __imp_load_??0RadixSortBuffered@Cm@physx@@QEAA@XZ 0000000180027978 f   PhysXCommon_64:PhysXCommon_64.dll
 0001:00026984       ??0RadixSortBuffered@Cm@physx@@QEAA@XZ 0000000180027984 f   PhysXCommon_64:PhysXCommon_64.dll
 0001:0002698a       __tailMerge_physxcommon_64_dll 000000018002798a     PhysXCommon_64:PhysXCommon_64.dll
 0001:00026a03       __imp_load_??1RadixSortBuffered@Cm@physx@@UEAA@XZ 0000000180027a03 f   PhysXCommon_64:PhysXCommon_64.dll
 0001:00026a0f       ??1RadixSortBuffered@Cm@physx@@UEAA@XZ 0000000180027a0f f   PhysXCommon_64:PhysXCommon_64.dll
 0001:00026a15       __imp_load_?Sort@RadixSortBuffered@Cm@physx@@QEAAAEAV123@PEBIIW4RadixHint@23@@Z 0000000180027a15 f   PhysXCommon_64:PhysXCommon_64.dll
 0001:00026a21       ?Sort@RadixSortBuffered@Cm@physx@@QEAAAEAV123@PEBIIW4RadixHint@23@@Z 0000000180027a21 f   PhysXCommon_64:PhysXCommon_64.dll
 0001:00026a27       __imp_load_??0HeightField@Gu@physx@@QEAA@PEAVGuMeshFactory@2@@Z 0000000180027a27 f   PhysXCommon_64:PhysXCommon_64.dll
 0001:00026a33       ??0HeightField@Gu@physx@@QEAA@PEAVGuMeshFactory@2@@Z 0000000180027a33 f   PhysXCommon_64:PhysXCommon_64.dll
 0001:00026a39       __imp_load_?loadFromDesc@HeightField@Gu@physx@@QEAA_NAEBVPxHeightFieldDesc@3@@Z 0000000180027a39 f   PhysXCommon_64:PhysXCommon_64.dll
 0001:00026a45       ?loadFromDesc@HeightField@Gu@physx@@QEAA_NAEBVPxHeightFieldDesc@3@@Z 0000000180027a45 f   PhysXCommon_64:PhysXCommon_64.dll
 0001:00026a4b       __imp_load_?computeCellCoordinates@HeightField@Gu@physx@@QEBAIMMAEAM0@Z 0000000180027a4b f   PhysXCommon_64:PhysXCommon_64.dll
 0001:00026a57       ?computeCellCoordinates@HeightField@Gu@physx@@QEBAIMMAEAM0@Z 0000000180027a57 f   PhysXCommon_64:PhysXCommon_64.dll
 0001:00026a5d       __imp_load_?releaseMemory@HeightField@Gu@physx@@QEAAXXZ 0000000180027a5d f   PhysXCommon_64:PhysXCommon_64.dll
 0001:00026a69       ?releaseMemory@HeightField@Gu@physx@@QEAAXXZ 0000000180027a69 f   PhysXCommon_64:PhysXCommon_64.dll
 0001:00026a6f       __imp_load_??1HeightField@Gu@physx@@UEAA@XZ 0000000180027a6f f   PhysXCommon_64:PhysXCommon_64.dll
 0001:00026a7b       ??1HeightField@Gu@physx@@UEAA@XZ 0000000180027a7b f   PhysXCommon_64:PhysXCommon_64.dll
 0001:00026a81       __imp_load_??0NodeAllocator@Gu@physx@@QEAA@XZ 0000000180027a81 f   PhysXCommon_64:PhysXCommon_64.dll
 0001:00026a8d       ??0NodeAllocator@Gu@physx@@QEAA@XZ 0000000180027a8d f   PhysXCommon_64:PhysXCommon_64.dll
 0001:00026a93       __imp_load_??1NodeAllocator@Gu@physx@@QEAA@XZ 0000000180027a93 f   PhysXCommon_64:PhysXCommon_64.dll
 0001:00026a9f       ??1NodeAllocator@Gu@physx@@QEAA@XZ 0000000180027a9f f   PhysXCommon_64:PhysXCommon_64.dll
 0001:00026aa5       __imp_load_?release@NodeAllocator@Gu@physx@@QEAAXXZ 0000000180027aa5 f   PhysXCommon_64:PhysXCommon_64.dll
 0001:00026ab1       ?release@NodeAllocator@Gu@physx@@QEAAXXZ 0000000180027ab1 f   PhysXCommon_64:PhysXCommon_64.dll
 0001:00026ab7       __imp_load_?buildAABBTree@Gu@physx@@YA_NAEAVAABBTreeBuildParams@12@AEAVNodeAllocator@12@AEAUBuildStats@12@AEAPEAI@Z 0000000180027ab7 f   PhysXCommon_64:PhysXCommon_64.dll
 0001:00026ac3       ?buildAABBTree@Gu@physx@@YA_NAEAVAABBTreeBuildParams@12@AEAVNodeAllocator@12@AEAUBuildStats@12@AEAPEAI@Z 0000000180027ac3 f   PhysXCommon_64:PhysXCommon_64.dll
 0001:00026ac9       __imp_load_?writeDword@physx@@YAXI_NAEAVPxOutputStream@1@@Z 0000000180027ac9 f   PhysXCommon_64:PhysXCommon_64.dll
 0001:00026ad5       ?writeDword@physx@@YAXI_NAEAVPxOutputStream@1@@Z 0000000180027ad5 f   PhysXCommon_64:PhysXCommon_64.dll
 0001:00026adb       __imp_load_?writeFloatBuffer@physx@@YAXPEBMI_NAEAVPxOutputStream@1@@Z 0000000180027adb f   PhysXCommon_64:PhysXCommon_64.dll
 0001:00026ae7       ?writeFloatBuffer@physx@@YAXPEBMI_NAEAVPxOutputStream@1@@Z 0000000180027ae7 f   PhysXCommon_64:PhysXCommon_64.dll
 0001:00026aed       __imp_load_?writeHeader@physx@@YA_NCCCCI_NAEAVPxOutputStream@1@@Z 0000000180027aed f   PhysXCommon_64:PhysXCommon_64.dll
 0001:00026af9       ?writeHeader@physx@@YA_NCCCCI_NAEAVPxOutputStream@1@@Z 0000000180027af9 f   PhysXCommon_64:PhysXCommon_64.dll
 0001:00026aff       __imp_load_?writeWord@physx@@YAXG_NAEAVPxOutputStream@1@@Z 0000000180027aff f   PhysXCommon_64:PhysXCommon_64.dll
 0001:00026b0b       ?writeWord@physx@@YAXG_NAEAVPxOutputStream@1@@Z 0000000180027b0b f   PhysXCommon_64:PhysXCommon_64.dll
 0001:00026b11       __imp_load_?writeFloat@physx@@YAXM_NAEAVPxOutputStream@1@@Z 0000000180027b11 f   PhysXCommon_64:PhysXCommon_64.dll
 0001:00026b1d       ?writeFloat@physx@@YAXM_NAEAVPxOutputStream@1@@Z 0000000180027b1d f   PhysXCommon_64:PhysXCommon_64.dll
 0001:00026b23       __imp_load_?computeBoundsAroundVertices@Gu@physx@@YAXAEAVPxBounds3@2@IPEIBVPxVec3@2@@Z 0000000180027b23 f   PhysXCommon_64:PhysXCommon_64.dll
 0001:00026b2f       ?computeBoundsAroundVertices@Gu@physx@@YAXAEAVPxBounds3@2@IPEIBVPxVec3@2@@Z 0000000180027b2f f   PhysXCommon_64:PhysXCommon_64.dll
 0001:00026b35       __imp_load_??0SourceMesh@Gu@physx@@QEAA@XZ 0000000180027b35 f   PhysXCommon_64:PhysXCommon_64.dll
 0001:00026b41       ??0SourceMesh@Gu@physx@@QEAA@XZ 0000000180027b41 f   PhysXCommon_64:PhysXCommon_64.dll
 0001:00026b47       __imp_load_??1SourceMesh@Gu@physx@@QEAA@XZ 0000000180027b47 f   PhysXCommon_64:PhysXCommon_64.dll
 0001:00026b53       ??1SourceMesh@Gu@physx@@QEAA@XZ 0000000180027b53 f   PhysXCommon_64:PhysXCommon_64.dll
 0001:00026b59       __imp_load_??0BV4Tree@Gu@physx@@QEAA@XZ 0000000180027b59 f   PhysXCommon_64:PhysXCommon_64.dll
 0001:00026b65       ??0BV4Tree@Gu@physx@@QEAA@XZ 0000000180027b65 f   PhysXCommon_64:PhysXCommon_64.dll
 0001:00026b6b       __imp_load_??1BV4Tree@Gu@physx@@QEAA@XZ 0000000180027b6b f   PhysXCommon_64:PhysXCommon_64.dll
 0001:00026b77       ??1BV4Tree@Gu@physx@@QEAA@XZ 0000000180027b77 f   PhysXCommon_64:PhysXCommon_64.dll
 0001:00026b7d       __imp_load_??0BV32Tree@Gu@physx@@QEAA@XZ 0000000180027b7d f   PhysXCommon_64:PhysXCommon_64.dll
 0001:00026b89       ??0BV32Tree@Gu@physx@@QEAA@XZ 0000000180027b89 f   PhysXCommon_64:PhysXCommon_64.dll
 0001:00026b8f       __imp_load_??1BV32Tree@Gu@physx@@QEAA@XZ 0000000180027b8f f   PhysXCommon_64:PhysXCommon_64.dll
 0001:00026b9b       ??1BV32Tree@Gu@physx@@QEAA@XZ 0000000180027b9b f   PhysXCommon_64:PhysXCommon_64.dll
 0001:00026ba1       __imp_load_?writeWordBuffer@physx@@YAXPEBGI_NAEAVPxOutputStream@1@@Z 0000000180027ba1 f   PhysXCommon_64:PhysXCommon_64.dll
 0001:00026bad       ?writeWordBuffer@physx@@YAXPEBGI_NAEAVPxOutputStream@1@@Z 0000000180027bad f   PhysXCommon_64:PhysXCommon_64.dll
 0001:00026bb3       __imp_load_?computeMaxIndex@physx@@YAIPEBII@Z 0000000180027bb3 f   PhysXCommon_64:PhysXCommon_64.dll
 0001:00026bbf       ?computeMaxIndex@physx@@YAIPEBII@Z 0000000180027bbf f   PhysXCommon_64:PhysXCommon_64.dll
 0001:00026bc5       __imp_load_?storeIndices@physx@@YAXIIPEBIAEAVPxOutputStream@1@_N@Z 0000000180027bc5 f   PhysXCommon_64:PhysXCommon_64.dll
 0001:00026bd1       ?storeIndices@physx@@YAXIIPEBIAEAVPxOutputStream@1@_N@Z 0000000180027bd1 f   PhysXCommon_64:PhysXCommon_64.dll
 0001:00026bd7       __imp_load_?BuildBV4Ex@Gu@physx@@YA_NAEAVBV4Tree@12@AEAVSourceMesh@12@MI@Z 0000000180027bd7 f   PhysXCommon_64:PhysXCommon_64.dll
 0001:00026be3       ?BuildBV4Ex@Gu@physx@@YA_NAEAVBV4Tree@12@AEAVSourceMesh@12@MI@Z 0000000180027be3 f   PhysXCommon_64:PhysXCommon_64.dll
 0001:00026be9       __imp_load_?BuildBV32Ex@Gu@physx@@YA_NAEAVBV32Tree@12@AEAVSourceMesh@12@MI@Z 0000000180027be9 f   PhysXCommon_64:PhysXCommon_64.dll
 0001:00026bf5       ?BuildBV32Ex@Gu@physx@@YA_NAEAVBV32Tree@12@AEAVSourceMesh@12@MI@Z 0000000180027bf5 f   PhysXCommon_64:PhysXCommon_64.dll
 0001:00026bfb       __imp_load_?computeMaxIndex@physx@@YAGPEBGI@Z 0000000180027bfb f   PhysXCommon_64:PhysXCommon_64.dll
 0001:00026c07       ?computeMaxIndex@physx@@YAGPEBGI@Z 0000000180027c07 f   PhysXCommon_64:PhysXCommon_64.dll
 0001:00026c0d       __imp_load_?WriteHeader@Gu@physx@@YA_NEEEEI_NAEAVPxOutputStream@2@@Z 0000000180027c0d f   PhysXCommon_64:PhysXCommon_64.dll
 0001:00026c19       ?WriteHeader@Gu@physx@@YA_NEEEEI_NAEAVPxOutputStream@2@@Z 0000000180027c19 f   PhysXCommon_64:PhysXCommon_64.dll
 0001:00026c1f       __imp_load_?StoreIndices@Gu@physx@@YAXGIPEBGAEAVPxOutputStream@2@_N@Z 0000000180027c1f f   PhysXCommon_64:PhysXCommon_64.dll
 0001:00026c2b       ?StoreIndices@Gu@physx@@YAXGIPEBGAEAVPxOutputStream@2@_N@Z 0000000180027c2b f   PhysXCommon_64:PhysXCommon_64.dll
 0001:00026c31       __imp_load_?CreateOffsets@BigConvexData@physx@@IEAAXXZ 0000000180027c31 f   PhysXCommon_64:PhysXCommon_64.dll
 0001:00026c3d       ?CreateOffsets@BigConvexData@physx@@IEAAXXZ 0000000180027c3d f   PhysXCommon_64:PhysXCommon_64.dll
 0001:00026c43       __imp_load_?computeOBBPoints@Gu@physx@@YAXPEIAVPxVec3@2@AEBV32@1111@Z 0000000180027c43 f   PhysXCommon_64:PhysXCommon_64.dll
 0001:00026c4f       ?computeOBBPoints@Gu@physx@@YAXPEIAVPxVec3@2@AEBV32@1111@Z 0000000180027c4f f   PhysXCommon_64:PhysXCommon_64.dll
 0001:00026c55       __imp_load_??0BigConvexData@physx@@QEAA@XZ 0000000180027c55 f   PhysXCommon_64:PhysXCommon_64.dll
 0001:00026c61       ??0BigConvexData@physx@@QEAA@XZ 0000000180027c61 f   PhysXCommon_64:PhysXCommon_64.dll
 0001:00026c67       __imp_load_??1BigConvexData@physx@@QEAA@XZ 0000000180027c67 f   PhysXCommon_64:PhysXCommon_64.dll
 0001:00026c73       ??1BigConvexData@physx@@QEAA@XZ 0000000180027c73 f   PhysXCommon_64:PhysXCommon_64.dll
 0001:00026c79       __imp_load_PxGetFoundation 0000000180027c79 f   PhysXFoundation_64:PhysXFoundation_64.dll
 0001:00026c85       PxGetFoundation            0000000180027c85 f   PhysXFoundation_64:PhysXFoundation_64.dll
 0001:00026c8b       __tailMerge_physxfoundation_64_dll 0000000180027c8b     PhysXFoundation_64:PhysXFoundation_64.dll
 0001:00026d04       __imp_load_?getAllocator@shdfnd@physx@@YAAEAVPxAllocatorCallback@2@XZ 0000000180027d04 f   PhysXFoundation_64:PhysXFoundation_64.dll
 0001:00026d10       ?getAllocator@shdfnd@physx@@YAAEAVPxAllocatorCallback@2@XZ 0000000180027d10 f   PhysXFoundation_64:PhysXFoundation_64.dll
 0001:00026d16       __imp_load_?getInstance@Foundation@shdfnd@physx@@SAAEAV123@XZ 0000000180027d16 f   PhysXFoundation_64:PhysXFoundation_64.dll
 0001:00026d22       ?getInstance@Foundation@shdfnd@physx@@SAAEAV123@XZ 0000000180027d22 f   PhysXFoundation_64:PhysXFoundation_64.dll
 0001:00026d28       __imp_load_?error@Foundation@shdfnd@physx@@QEAAXW4Enum@PxErrorCode@3@PEBDH1ZZ 0000000180027d28 f   PhysXFoundation_64:PhysXFoundation_64.dll
 0001:00026d34       ?error@Foundation@shdfnd@physx@@QEAAXW4Enum@PxErrorCode@3@PEBDH1ZZ 0000000180027d34 f   PhysXFoundation_64:PhysXFoundation_64.dll
 0001:00026d3a       __imp_load_?incRefCount@Foundation@shdfnd@physx@@SAXXZ 0000000180027d3a f   PhysXFoundation_64:PhysXFoundation_64.dll
 0001:00026d46       ?incRefCount@Foundation@shdfnd@physx@@SAXXZ 0000000180027d46 f   PhysXFoundation_64:PhysXFoundation_64.dll
 0001:00026d4c       __imp_load_?decRefCount@Foundation@shdfnd@physx@@SAXXZ 0000000180027d4c f   PhysXFoundation_64:PhysXFoundation_64.dll
 0001:00026d58       ?decRefCount@Foundation@shdfnd@physx@@SAXXZ 0000000180027d58 f   PhysXFoundation_64:PhysXFoundation_64.dll
 0001:00026d5e       __imp_load_??0FPUGuard@shdfnd@physx@@QEAA@XZ 0000000180027d5e f   PhysXFoundation_64:PhysXFoundation_64.dll
 0001:00026d6a       ??0FPUGuard@shdfnd@physx@@QEAA@XZ 0000000180027d6a f   PhysXFoundation_64:PhysXFoundation_64.dll
 0001:00026d70       __imp_load_??1FPUGuard@shdfnd@physx@@QEAA@XZ 0000000180027d70 f   PhysXFoundation_64:PhysXFoundation_64.dll
 0001:00026d7c       ??1FPUGuard@shdfnd@physx@@QEAA@XZ 0000000180027d7c f   PhysXFoundation_64:PhysXFoundation_64.dll
 0001:00026d82       __imp_load_?allocate@TempAllocator@shdfnd@physx@@QEAAPEAX_KPEBDH@Z 0000000180027d82 f   PhysXFoundation_64:PhysXFoundation_64.dll
 0001:00026d8e       ?allocate@TempAllocator@shdfnd@physx@@QEAAPEAX_KPEBDH@Z 0000000180027d8e f   PhysXFoundation_64:PhysXFoundation_64.dll
 0001:00026d94       __imp_load_?deallocate@TempAllocator@shdfnd@physx@@QEAAXPEAX@Z 0000000180027d94 f   PhysXFoundation_64:PhysXFoundation_64.dll
 0001:00026da0       ?deallocate@TempAllocator@shdfnd@physx@@QEAAXPEAX@Z 0000000180027da0 f   PhysXFoundation_64:PhysXFoundation_64.dll
 0001:00026da6       __imp_load_?PxDiagonalize@physx@@YA?AVPxVec3@1@AEBVPxMat33@1@AEAVPxQuat@1@@Z 0000000180027da6 f   PhysXFoundation_64:PhysXFoundation_64.dll
 0001:00026db2       ?PxDiagonalize@physx@@YA?AVPxVec3@1@AEBVPxMat33@1@AEAVPxQuat@1@@Z 0000000180027db2 f   PhysXFoundation_64:PhysXFoundation_64.dll
 0001:00026db8       ?DloadAcquireSectionWriteAccess@@YAXXZ 0000000180027db8 f i Delayimp:delayhlp.obj
 0001:00026e64       ?DloadGetSRWLockFunctionPointers@@YAEXZ 0000000180027e64 f i Delayimp:delayhlp.obj
 0001:00026f00       ?DloadMakePermanentImageCommit@@YAXPEAX_K@Z 0000000180027f00 f i Delayimp:delayhlp.obj
 0001:00026f98       ?DloadObtainSection@@YAPEAXPEAK0@Z 0000000180027f98 f i Delayimp:delayhlp.obj
 0001:00027034       ?DloadProtectSection@@YAXKPEAK@Z 0000000180028034 f i Delayimp:delayhlp.obj
 0001:000270c4       ?DloadReleaseSectionWriteAccess@@YAXXZ 00000001800280c4 f i Delayimp:delayhlp.obj
 0001:00027158       __delayLoadHelper2         0000000180028158 f   Delayimp:delayhlp.obj
 0001:0002742c       ??3@YAXPEAX_K@Z            000000018002842c f   LIBCMT:delete_scalar_size.obj
 0001:0002742c       ??_V@YAXPEAX@Z             000000018002842c f   LIBCMT:delete_array.obj
 0001:00027434       ??_Etype_info@@UEAAPEAXI@Z 0000000180028434 f i LIBCMT:std_type_info_static.obj
 0001:00027434       ??_Gtype_info@@UEAAPEAXI@Z 0000000180028434 f i LIBCMT:std_type_info_static.obj
 0001:00027460       ?__scrt_initialize_type_info@@YAXXZ 0000000180028460 f   LIBCMT:tncleanup.obj
 0001:00027470       ?__scrt_uninitialize_type_info@@YAXXZ 0000000180028470 f   LIBCMT:tncleanup.obj
 0001:00027490       _alloca_probe              0000000180028490 f   LIBCMT:chkstk.obj
 0001:00027490       __chkstk                   0000000180028490 f   LIBCMT:chkstk.obj
 0001:000274e0       ??3@YAXPEAX@Z              00000001800284e0 f   LIBCMT:delete_scalar.obj
 0001:000274f0       __vdecl_sinf4              00000001800284f0 f   LIBCMT:svml_ssinf4_dispatch.obj
 0001:00027510       __libm_sse2_sincosf_       0000000180028510 f   LIBCMT:svml_ssinf4_dispatch.obj
 0001:00027553       __libm_sse2_sincosf4_      0000000180028553 f   LIBCMT:svml_ssinf4_dispatch.obj
 0001:00027880       _DllMainCRTStartup         0000000180028880 f   LIBCMT:dll_dllmain.obj
 0001:000278c0       __isa_available_init       00000001800288c0 f   LIBCMT:cpu_disp.obj
 0001:00027a70       __sse2_sinf4@@16           0000000180028a70 f   LIBCMT:svml_ssinf4_sse2.obj
 0001:000283b0       __sse4_sinf4@@16           00000001800293b0 f   LIBCMT:svml_ssinf4_sse4.obj
 0001:00028b24       __security_init_cookie     0000000180029b24 f   LIBCMT:gs_support.obj
 0001:00028bd0       __local_stdio_printf_options 0000000180029bd0 f i LIBCMT:default_local_stdio_options.obj
 0001:00028bd8       __local_stdio_scanf_options 0000000180029bd8 f i LIBCMT:default_local_stdio_options.obj
 0001:00028be0       __scrt_initialize_default_local_stdio_options 0000000180029be0 f   LIBCMT:default_local_stdio_options.obj
 0001:00028bfc       __scrt_acquire_startup_lock 0000000180029bfc f   LIBCMT:utility.obj
 0001:00028c38       __scrt_dllmain_after_initialize_c 0000000180029c38 f   LIBCMT:utility.obj
 0001:00028c6c       __scrt_dllmain_before_initialize_c 0000000180029c6c f   LIBCMT:utility.obj
 0001:00028c84       __scrt_dllmain_crt_thread_attach 0000000180029c84 f   LIBCMT:utility.obj
 0001:00028cac       __scrt_dllmain_crt_thread_detach 0000000180029cac f   LIBCMT:utility.obj
 0001:00028cc4       __scrt_dllmain_exception_filter 0000000180029cc4 f   LIBCMT:utility.obj
 0001:00028d24       __scrt_dllmain_uninitialize_c 0000000180029d24 f   LIBCMT:utility.obj
 0001:00028d54       __scrt_dllmain_uninitialize_critical 0000000180029d54 f   LIBCMT:utility.obj
 0001:00028d68       __scrt_initialize_crt      0000000180029d68 f   LIBCMT:utility.obj
 0001:00028db4       __scrt_initialize_onexit_tables 0000000180029db4 f   LIBCMT:utility.obj
 0001:00028e40       __scrt_is_nonwritable_in_current_image 0000000180029e40 f   LIBCMT:utility.obj
 0001:00028ed8       __scrt_release_startup_lock 0000000180029ed8 f   LIBCMT:utility.obj
 0001:00028efc       __scrt_uninitialize_crt    0000000180029efc f   LIBCMT:utility.obj
 0001:00028f28       __scrt_get_dyn_tls_init_callback 0000000180029f28 f   LIBCMT:dyn_tls_init.obj
 0001:00028f30       __crt_debugger_hook        0000000180029f30 f   LIBCMT:utility_desktop.obj
 0001:00028f38       __scrt_fastfail            0000000180029f38 f   LIBCMT:utility_desktop.obj
 0001:00029084       _RTC_Initialize            000000018002a084 f   LIBCMT:initsect.obj
 0001:000290c0       _RTC_Terminate             000000018002a0c0 f   LIBCMT:initsect.obj
 0001:00029100       __common_ssin_cout_rare    000000018002a100 f   LIBCMT:svml_s_sin_cout.obj
 0001:00029170       __scrt_is_ucrt_dll_in_use  000000018002a170 f   LIBCMT:ucrt_detection.obj
 0001:0002917c       _get_purecall_handler      000000018002a17c f   libvcruntime:purevirt.obj
 0001:00029188       _purecall                  000000018002a188 f   libvcruntime:purevirt.obj
 0001:000291ac       __std_type_info_compare    000000018002a1ac f   libvcruntime:std_type_info.obj
 0001:000291d4       __std_type_info_destroy_list 000000018002a1d4 f   libvcruntime:std_type_info.obj
 0001:00029200       __std_type_info_name       000000018002a200 f   libvcruntime:std_type_info.obj
 0001:00029330       memset_repmovs             000000018002a330 f   libvcruntime:memset.obj
 0001:00029350       memset                     000000018002a350 f   libvcruntime:memset.obj
 0001:000294f0       memcpy_repmovs             000000018002a4f0 f   libvcruntime:memcpy.obj
 0001:00029510       memmove                    000000018002a510 f   libvcruntime:memcpy.obj
 0001:00029510       memcpy                     000000018002a510 f   libvcruntime:memcpy.obj
 0001:00029b88       strstr                     000000018002ab88 f   libvcruntime:strstr.obj
 0001:00029d84       __C_specific_handler       000000018002ad84 f   libvcruntime:riscchandler.obj
 0001:00029f90       __vcrt_initialize          000000018002af90 f   libvcruntime:initialization.obj
 0001:00029fb8       __vcrt_thread_attach       000000018002afb8 f   libvcruntime:initialization.obj
 0001:00029fcc       __vcrt_thread_detach       000000018002afcc f   libvcruntime:initialization.obj
 0001:00029fe0       __vcrt_uninitialize        000000018002afe0 f   libvcruntime:initialization.obj
 0001:00029ffc       __vcrt_uninitialize_critical 000000018002affc f   libvcruntime:initialization.obj
 0001:0002a00c       __DestructExceptionObject  000000018002b00c f   libvcruntime:ehhelpers.obj
 0001:0002a07c       ?_CallMemberFunction0@@YAXQEAX0@Z 000000018002b07c f i libvcruntime:ehhelpers.obj
 0001:0002a080       _IsExceptionObjectToBeDestroyed 000000018002b080 f   libvcruntime:ehhelpers.obj
 0001:0002a0b0       __AdjustPointer            000000018002b0b0 f   libvcruntime:ehhelpers.obj
 0001:0002a0d4       __FrameUnwindFilter        000000018002b0d4 f   libvcruntime:ehhelpers.obj
 0001:0002a13c       __std_terminate            000000018002b13c f   libvcruntime:ehhelpers.obj
 0001:0002a148       ??$?0$00@DName@@QEAA@PEBDU?$StringLifeSelector@$00@@@Z 000000018002b148 f i libvcruntime:undname.obj
 0001:0002a188       ??$?0$01@DName@@QEAA@PEBDU?$StringLifeSelector@$01@@@Z 000000018002b188 f i libvcruntime:undname.obj
 0001:0002a188       ??$?0$0A@@DName@@QEAA@PEBDU?$StringLifeSelector@$0A@@@@Z 000000018002b188 f i libvcruntime:undname.obj
 0001:0002a1c8       ??$?0$0A@@pcharNode@@QEAA@PEBDHU?$StringLifeSelector@$0A@@@@Z 000000018002b1c8 f i libvcruntime:undname.obj
 0001:0002a1c8       ??$?0$01@pcharNode@@QEAA@PEBDHU?$StringLifeSelector@$01@@@Z 000000018002b1c8 f i libvcruntime:undname.obj
 0001:0002a23c       ??$append@VpcharNode@@@DName@@AEAAXPEBVpcharNode@@@Z 000000018002b23c f i libvcruntime:undname.obj
 0001:0002a23c       ??$append@VDNameNode@@@DName@@AEAAXPEBVDNameNode@@@Z 000000018002b23c f i libvcruntime:undname.obj
 0001:0002a23c       ??$append@VDNameStatusNode@@@DName@@AEAAXPEBVDNameStatusNode@@@Z 000000018002b23c f i libvcruntime:undname.obj
 0001:0002a23c       ??$append@VcharNode@@@DName@@AEAAXPEBVcharNode@@@Z 000000018002b23c f i libvcruntime:undname.obj
 0001:0002a2a0       ??$doPchar@$00@DName@@AEAAXPEBDH@Z 000000018002b2a0 f i libvcruntime:undname.obj
 0001:0002a344       ??$doPchar@$01@DName@@AEAAXPEBDH@Z 000000018002b344 f i libvcruntime:undname.obj
 0001:0002a344       ??$doPchar@$0A@@DName@@AEAAXPEBDH@Z 000000018002b344 f i libvcruntime:undname.obj
 0001:0002a3dc       ??0DName@@QEAA@AEAPEBDD@Z  000000018002b3dc f   libvcruntime:undname.obj
 0001:0002a48c       ??0DName@@QEAA@AEBUStringLiteral@@@Z 000000018002b48c f   libvcruntime:undname.obj
 0001:0002a4b8       ??0DName@@QEAA@PEAV0@@Z    000000018002b4b8 f   libvcruntime:undname.obj
 0001:0002a53c       ??0DName@@QEAA@_J@Z        000000018002b53c f   libvcruntime:undname.obj
 0001:0002a5e4       ??0DName@@QEAA@_K@Z        000000018002b5e4 f   libvcruntime:undname.obj
 0001:0002a674       ??2@YAPEAX_KAEAV_HeapManager@@H@Z 000000018002b674 f   libvcruntime:undname.obj
 0001:0002a6a0       ??AReplicator@@QEBA?AVDName@@H@Z 000000018002b6a0 f   libvcruntime:undname.obj
 0001:0002a6e0       ??HDName@@QEBA?AV0@AEBUStringLiteral@@@Z 000000018002b6e0 f   libvcruntime:undname.obj
 0001:0002a70c       ??HDName@@QEBA?AV0@AEBV0@@Z 000000018002b70c f   libvcruntime:undname.obj
 0001:0002a738       ??HDName@@QEBA?AV0@D@Z     000000018002b738 f   libvcruntime:undname.obj
 0001:0002a764       ??HDName@@QEBA?AV0@W4DNameStatus@@@Z 000000018002b764 f   libvcruntime:undname.obj
 0001:0002a790       ??YDName@@QEAAAEAV0@AEBUStringLiteral@@@Z 000000018002b790 f   libvcruntime:undname.obj
 0001:0002a810       ??YDName@@QEAAAEAV0@AEBV0@@Z 000000018002b810 f   libvcruntime:undname.obj
 0001:0002a8c4       ??YDName@@QEAAAEAV0@D@Z    000000018002b8c4 f   libvcruntime:undname.obj
 0001:0002a930       ??YDName@@QEAAAEAV0@W4DNameStatus@@@Z 000000018002b930 f   libvcruntime:undname.obj
 0001:0002a99c       ??YReplicator@@QEAAAEAV0@AEBVDName@@@Z 000000018002b99c f   libvcruntime:undname.obj
 0001:0002a9f4       ?UScore@UnDecorator@@SA?AUStringLiteral@@W4Tokens@@@Z 000000018002b9f4 f   libvcruntime:undname.obj
 0001:0002aa40       ?composeDeclaration@UnDecorator@@CA?AVDName@@AEBV2@@Z 000000018002ba40 f i libvcruntime:undname.obj
 0001:0002b8e8       ?doPchar@DName@@AEAAXD@Z   000000018002c8e8 f   libvcruntime:undname.obj
 0001:0002b938       ?getAddressOf@UnDecorator@@CA?AVDName@@XZ 000000018002c938 f   libvcruntime:undname.obj
 0001:0002b9c8       ?getArgumentList@UnDecorator@@CA?AVDName@@XZ 000000018002c9c8 f   libvcruntime:undname.obj
 0001:0002bb5c       ?getArgumentTypes@UnDecorator@@CA?AVDName@@XZ 000000018002cb5c f   libvcruntime:undname.obj
[...]
 0002:00011def       $N00051                    000000018005adef     PhysXCooking_64.exp
 0002:00011e1c       $N00052                    000000018005ae1c     PhysXCooking_64.exp
 0002:00011e45       $N00053                    000000018005ae45     PhysXCooking_64.exp
 0002:00011e74       $N00054                    000000018005ae74     PhysXCooking_64.exp
 0002:00011e9d       $N00055                    000000018005ae9d     PhysXCooking_64.exp
 0002:00011ec6       $N00056                    000000018005aec6     PhysXCooking_64.exp
 0002:00011ef4       $N00057                    000000018005aef4     PhysXCooking_64.exp
 0002:00011f1c       $N00058                    000000018005af1c     PhysXCooking_64.exp
 0002:00011f57       $N00059                    000000018005af57     PhysXCooking_64.exp
 0002:00011f81       $N00060                    000000018005af81     PhysXCooking_64.exp
 0002:00011fb5       $N00061                    000000018005afb5     PhysXCooking_64.exp
 0002:00011feb       $N00062                    000000018005afeb     PhysXCooking_64.exp
 0002:00012027       $N00063                    000000018005b027     PhysXCooking_64.exp
 0002:0001206f       $N00064                    000000018005b06f     PhysXCooking_64.exp
 0002:000120bf       $N00065                    000000018005b0bf     PhysXCooking_64.exp
 0002:000120f3       $N00066                    000000018005b0f3     PhysXCooking_64.exp
 0002:00012128       $N00067                    000000018005b128     PhysXCooking_64.exp
 0002:0001215e       $N00068                    000000018005b15e     PhysXCooking_64.exp
 0002:00012185       $N00069                    000000018005b185     PhysXCooking_64.exp
 0002:000121cd       $N00070                    000000018005b1cd     PhysXCooking_64.exp
 0002:00012213       $N00071                    000000018005b213     PhysXCooking_64.exp
 0002:0001226b       $N00072                    000000018005b26b     PhysXCooking_64.exp
 0002:000122b2       $N00073                    000000018005b2b2     PhysXCooking_64.exp
 0002:000122dd       $N00074                    000000018005b2dd     PhysXCooking_64.exp
 0002:0001230d       $N00075                    000000018005b30d     PhysXCooking_64.exp
 0002:0001235d       $N00076                    000000018005b35d     PhysXCooking_64.exp
 0002:0001240c       $N00077                    000000018005b40c     PhysXCooking_64.exp
 0002:0001246a       $N00078                    000000018005b46a     PhysXCooking_64.exp
 0002:00012496       $N00079                    000000018005b496     PhysXCooking_64.exp
 0002:000124c2       $N00080                    000000018005b4c2     PhysXCooking_64.exp
 0002:000124f7       $N00081                    000000018005b4f7     PhysXCooking_64.exp
 0002:00012520       $N00082                    000000018005b520     PhysXCooking_64.exp
 0002:0001255c       $N00083                    000000018005b55c     PhysXCooking_64.exp
 0002:00012588       $N00084                    000000018005b588     PhysXCooking_64.exp
 0002:000125bb       $N00085                    000000018005b5bb     PhysXCooking_64.exp
 0002:00012608       $N00086                    000000018005b608     PhysXCooking_64.exp
 0002:0001263b       $N00087                    000000018005b63b     PhysXCooking_64.exp
 0002:00012675       $N00088                    000000018005b675     PhysXCooking_64.exp
 0002:000126af       $N00089                    000000018005b6af     PhysXCooking_64.exp
 0002:000126eb       $N00090                    000000018005b6eb     PhysXCooking_64.exp
 0002:0001272f       $N00091                    000000018005b72f     PhysXCooking_64.exp
 0002:0001275e       $N00092                    000000018005b75e     PhysXCooking_64.exp
 0002:000127d8       $N00093                    000000018005b7d8     PhysXCooking_64.exp
 0002:00012835       $N00094                    000000018005b835     PhysXCooking_64.exp
 0002:00012861       $N00095                    000000018005b861     PhysXCooking_64.exp
 0002:00012895       $N00096                    000000018005b895     PhysXCooking_64.exp
 0002:000128ce       $N00097                    000000018005b8ce     PhysXCooking_64.exp
 0002:0001290b       $N00098                    000000018005b90b     PhysXCooking_64.exp
 0002:00012941       $N00099                    000000018005b941     PhysXCooking_64.exp
 0002:0001296e       $N00100                    000000018005b96e     PhysXCooking_64.exp
 0002:0001299b       $N00101                    000000018005b99b     PhysXCooking_64.exp
 0002:000129c6       $N00102                    000000018005b9c6     PhysXCooking_64.exp
 0002:000129f2       $N00103                    000000018005b9f2     PhysXCooking_64.exp
 0002:00012a1f       $N00104                    000000018005ba1f     PhysXCooking_64.exp
 0002:00012a3f       $N00105                    000000018005ba3f     PhysXCooking_64.exp
 0002:00012a7b       $N00106                    000000018005ba7b     PhysXCooking_64.exp
 0002:00012aac       $N00107                    000000018005baac     PhysXCooking_64.exp
 0002:00012ade       $N00108                    000000018005bade     PhysXCooking_64.exp
 0002:00012b20       $N00109                    000000018005bb20     PhysXCooking_64.exp
 0002:00012b4d       $N00110                    000000018005bb4d     PhysXCooking_64.exp
 0002:00012b71       $N00111                    000000018005bb71     PhysXCooking_64.exp
 0002:00012ba1       $N00112                    000000018005bba1     PhysXCooking_64.exp
 0002:00012bd4       $N00113                    000000018005bbd4     PhysXCooking_64.exp
 0002:00012bf9       $N00114                    000000018005bbf9     PhysXCooking_64.exp
 0002:00012c27       $N00115                    000000018005bc27     PhysXCooking_64.exp
 0002:00012c4f       $N00116                    000000018005bc4f     PhysXCooking_64.exp
 0002:00012c6f       $N00117                    000000018005bc6f     PhysXCooking_64.exp
 0002:00012cb4       $N00118                    000000018005bcb4     PhysXCooking_64.exp
 0002:00012cf1       $N00119                    000000018005bcf1     PhysXCooking_64.exp
 0002:00012d2e       $N00120                    000000018005bd2e     PhysXCooking_64.exp
 0002:00012d61       $N00121                    000000018005bd61     PhysXCooking_64.exp
 0002:00012d71       $N00122                    000000018005bd71     PhysXCooking_64.exp
 0002:00013040       .idata$6                   000000018005c040     kernel32:KERNEL32.dll
 0003:00000000       ?MAXDOT_MINANG@local@@3MB  000000018005d000     ConvexHullUtils.obj
 0003:00000004       ?MAXDOT_MINANG@local@@3MB  000000018005d004     QuickHullConvexHullLib.obj
 0003:00000060       ?prefix@?1??getDimension@UnDecorator@@CA?AVDName@@_N@Z@4UStringLiteral@@A 000000018005d060     libvcruntime:undname.obj
 0003:00000070       ?__vcrt_flsindex@@3KA      000000018005d070     libvcruntime:per_thread_data.obj
 0003:00000090       ?dazSupported@?1??_ctrlfp@@9@9 000000018005d090     libucrt:fpctrl.obj
 0003:000000a0       ?__acrt_flsindex@@3KA      000000018005d0a0     libucrt:per_thread_data.obj
 0003:000000a4       ?errno_no_memory@@3HA      000000018005d0a4     libucrt:errno.obj
 0003:000000a8       ?doserrno_no_memory@@3KA   000000018005d0a8     libucrt:errno.obj
 0003:000002e0       _mbctypes                  000000018005d2e0     libucrt:mbctype.obj
 0003:000003f0       _mbcasemaps                000000018005d3f0     libucrt:mbctype.obj
 0003:000004f0       ?__rgctypeflag@@3PADA      000000018005d4f0     libucrt:mbctype.obj
 0003:00000500       ?__rgcode_page_info@@3PAUcode_page_info@@A 000000018005d500     libucrt:mbctype.obj
 0003:00000a20       ?__dcrt_lowio_console_output_handle@@3PEAXEA 000000018005da20     libucrt:initcon.obj
 0003:00000a28       ?dazSupported@?1??common_control87@@9@9 000000018005da28     libucrt:ieee.obj
 0003:00001290       ?maxV3Error@_VecMathTests@aos@shdfnd@physx@@3T__m128@@B 000000018005e290     Cooking.obj
 0003:000012a0       ?minFError@_VecMathTests@aos@shdfnd@physx@@3T__m128@@B 000000018005e2a0     Cooking.obj
 0003:000012b0       ?maxV4Error@_VecMathTests@aos@shdfnd@physx@@3T__m128@@B 000000018005e2b0     Cooking.obj
 0003:000012c0       ?minV4Error@_VecMathTests@aos@shdfnd@physx@@3T__m128@@B 000000018005e2c0     Cooking.obj
 0003:000012d0       ?minV3Error@_VecMathTests@aos@shdfnd@physx@@3T__m128@@B 000000018005e2d0     Cooking.obj
 0003:000012e0       ?maxFError@_VecMathTests@aos@shdfnd@physx@@3T__m128@@B 000000018005e2e0     Cooking.obj
 0003:000012f0       ?maxV3Error@_VecMathTests@aos@shdfnd@physx@@3T__m128@@B 000000018005e2f0     BVHStructureBuilder.obj
 0003:00001300       ?minFError@_VecMathTests@aos@shdfnd@physx@@3T__m128@@B 000000018005e300     BVHStructureBuilder.obj
 0003:00001310       ?maxV4Error@_VecMathTests@aos@shdfnd@physx@@3T__m128@@B 000000018005e310     BVHStructureBuilder.obj
 0003:00001320       ?minV4Error@_VecMathTests@aos@shdfnd@physx@@3T__m128@@B 000000018005e320     BVHStructureBuilder.obj
 0003:00001330       ?minV3Error@_VecMathTests@aos@shdfnd@physx@@3T__m128@@B 000000018005e330     BVHStructureBuilder.obj
 0003:00001340       ?maxFError@_VecMathTests@aos@shdfnd@physx@@3T__m128@@B 000000018005e340     BVHStructureBuilder.obj
 0003:00001350       ?maxV3Error@_VecMathTests@aos@shdfnd@physx@@3T__m128@@B 000000018005e350     RTreeCooking.obj
 0003:00001360       ?minFError@_VecMathTests@aos@shdfnd@physx@@3T__m128@@B 000000018005e360     RTreeCooking.obj
 0003:00001370       ?maxV4Error@_VecMathTests@aos@shdfnd@physx@@3T__m128@@B 000000018005e370     RTreeCooking.obj
 0003:00001380       ?minV4Error@_VecMathTests@aos@shdfnd@physx@@3T__m128@@B 000000018005e380     RTreeCooking.obj
 0003:00001390       ?minV3Error@_VecMathTests@aos@shdfnd@physx@@3T__m128@@B 000000018005e390     RTreeCooking.obj
 0003:000013a0       ?maxFError@_VecMathTests@aos@shdfnd@physx@@3T__m128@@B 000000018005e3a0     RTreeCooking.obj
 0003:000013b0       ?maxV3Error@_VecMathTests@aos@shdfnd@physx@@3T__m128@@B 000000018005e3b0     MeshBuilder.obj
 0003:000013c0       ?minFError@_VecMathTests@aos@shdfnd@physx@@3T__m128@@B 000000018005e3c0     MeshBuilder.obj
 0003:000013d0       ?maxV4Error@_VecMathTests@aos@shdfnd@physx@@3T__m128@@B 000000018005e3d0     MeshBuilder.obj
 0003:000013e0       ?minV4Error@_VecMathTests@aos@shdfnd@physx@@3T__m128@@B 000000018005e3e0     MeshBuilder.obj
 0003:000013f0       ?minV3Error@_VecMathTests@aos@shdfnd@physx@@3T__m128@@B 000000018005e3f0     MeshBuilder.obj
 0003:00001400       ?maxFError@_VecMathTests@aos@shdfnd@physx@@3T__m128@@B 000000018005e400     MeshBuilder.obj
 0003:00001410       ?maxV3Error@_VecMathTests@aos@shdfnd@physx@@3T__m128@@B 000000018005e410     TriangleMeshBuilder.obj
 0003:00001420       ?minFError@_VecMathTests@aos@shdfnd@physx@@3T__m128@@B 000000018005e420     TriangleMeshBuilder.obj
 0003:00001430       ?maxV4Error@_VecMathTests@aos@shdfnd@physx@@3T__m128@@B 000000018005e430     TriangleMeshBuilder.obj
 0003:00001440       ?minV4Error@_VecMathTests@aos@shdfnd@physx@@3T__m128@@B 000000018005e440     TriangleMeshBuilder.obj
 0003:00001450       ?minV3Error@_VecMathTests@aos@shdfnd@physx@@3T__m128@@B 000000018005e450     TriangleMeshBuilder.obj
 0003:00001460       ?maxFError@_VecMathTests@aos@shdfnd@physx@@3T__m128@@B 000000018005e460     TriangleMeshBuilder.obj
 0003:00001470       ?maxV3Error@_VecMathTests@aos@shdfnd@physx@@3T__m128@@B 000000018005e470     BigConvexDataBuilder.obj
 0003:00001480       ?minFError@_VecMathTests@aos@shdfnd@physx@@3T__m128@@B 000000018005e480     BigConvexDataBuilder.obj
 0003:00001490       ?maxV4Error@_VecMathTests@aos@shdfnd@physx@@3T__m128@@B 000000018005e490     BigConvexDataBuilder.obj
 0003:000014a0       ?minV4Error@_VecMathTests@aos@shdfnd@physx@@3T__m128@@B 000000018005e4a0     BigConvexDataBuilder.obj
 0003:000014b0       ?minV3Error@_VecMathTests@aos@shdfnd@physx@@3T__m128@@B 000000018005e4b0     BigConvexDataBuilder.obj
 0003:000014c0       ?maxFError@_VecMathTests@aos@shdfnd@physx@@3T__m128@@B 000000018005e4c0     BigConvexDataBuilder.obj
 0003:000014d0       ?maxV3Error@_VecMathTests@aos@shdfnd@physx@@3T__m128@@B 000000018005e4d0     ConvexHullBuilder.obj
 0003:000014e0       ?minFError@_VecMathTests@aos@shdfnd@physx@@3T__m128@@B 000000018005e4e0     ConvexHullBuilder.obj
 0003:000014f0       ?maxV4Error@_VecMathTests@aos@shdfnd@physx@@3T__m128@@B 000000018005e4f0     ConvexHullBuilder.obj
 0003:00001500       ?minV4Error@_VecMathTests@aos@shdfnd@physx@@3T__m128@@B 000000018005e500     ConvexHullBuilder.obj
 0003:00001510       ?minV3Error@_VecMathTests@aos@shdfnd@physx@@3T__m128@@B 000000018005e510     ConvexHullBuilder.obj
 0003:00001520       ?maxFError@_VecMathTests@aos@shdfnd@physx@@3T__m128@@B 000000018005e520     ConvexHullBuilder.obj
 0003:00001530       ?maxV3Error@_VecMathTests@aos@shdfnd@physx@@3T__m128@@B 000000018005e530     ConvexHullUtils.obj
 0003:00001540       ?minFError@_VecMathTests@aos@shdfnd@physx@@3T__m128@@B 000000018005e540     ConvexHullUtils.obj
 0003:00001550       ?maxV4Error@_VecMathTests@aos@shdfnd@physx@@3T__m128@@B 000000018005e550     ConvexHullUtils.obj
 0003:00001560       ?minV4Error@_VecMathTests@aos@shdfnd@physx@@3T__m128@@B 000000018005e560     ConvexHullUtils.obj
 0003:00001570       ?minV3Error@_VecMathTests@aos@shdfnd@physx@@3T__m128@@B 000000018005e570     ConvexHullUtils.obj
 0003:00001580       ?maxFError@_VecMathTests@aos@shdfnd@physx@@3T__m128@@B 000000018005e580     ConvexHullUtils.obj
 0003:00001590       ?maxV3Error@_VecMathTests@aos@shdfnd@physx@@3T__m128@@B 000000018005e590     ConvexMeshBuilder.obj
 0003:000015a0       ?minFError@_VecMathTests@aos@shdfnd@physx@@3T__m128@@B 000000018005e5a0     ConvexMeshBuilder.obj
 0003:000015b0       ?maxV4Error@_VecMathTests@aos@shdfnd@physx@@3T__m128@@B 000000018005e5b0     ConvexMeshBuilder.obj
 0003:000015c0       ?minV4Error@_VecMathTests@aos@shdfnd@physx@@3T__m128@@B 000000018005e5c0     ConvexMeshBuilder.obj
 0003:000015d0       ?minV3Error@_VecMathTests@aos@shdfnd@physx@@3T__m128@@B 000000018005e5d0     ConvexMeshBuilder.obj
 0003:000015e0       ?maxFError@_VecMathTests@aos@shdfnd@physx@@3T__m128@@B 000000018005e5e0     ConvexMeshBuilder.obj
 0003:000015f0       ?maxV3Error@_VecMathTests@aos@shdfnd@physx@@3T__m128@@B 000000018005e5f0     VolumeIntegration.obj
 0003:00001600       ?minFError@_VecMathTests@aos@shdfnd@physx@@3T__m128@@B 000000018005e600     VolumeIntegration.obj
 0003:00001610       ?maxV4Error@_VecMathTests@aos@shdfnd@physx@@3T__m128@@B 000000018005e610     VolumeIntegration.obj
 0003:00001620       ?minV4Error@_VecMathTests@aos@shdfnd@physx@@3T__m128@@B 000000018005e620     VolumeIntegration.obj
 0003:00001630       ?minV3Error@_VecMathTests@aos@shdfnd@physx@@3T__m128@@B 000000018005e630     VolumeIntegration.obj
 0003:00001640       ?maxFError@_VecMathTests@aos@shdfnd@physx@@3T__m128@@B 000000018005e640     VolumeIntegration.obj
 0003:00001650       ?gCookingDelayLoadHook@@3PEBVPxDelayLoadHook@physx@@EB 000000018005e650     WindowsCookingDelayLoadHook.obj
 0003:000016b0       ?__proc_attached@@3HA      000000018005e6b0     LIBCMT:dll_dllmain.obj
 0003:000016e8       ?is_initialized_as_dll@@3_NA 000000018005e6e8     LIBCMT:utility.obj
 0003:000016e9       ?module_local_atexit_table_initialized@@3_NA 000000018005e6e9     LIBCMT:utility.obj
 0003:000016f0       ?module_local_atexit_table@@3U_onexit_table_t@@A 000000018005e6f0     LIBCMT:utility.obj
 0003:00001708       ?module_local_at_quick_exit_table@@3U_onexit_table_t@@A 000000018005e708     LIBCMT:utility.obj
 0003:00001778       ?heap@@3V_HeapManager@@A   000000018005e778     libvcruntime:undname.obj
 0003:000017a0       ?__vcrt_startup_thread_ptd@@3U__vcrt_ptd@@A 000000018005e7a0     libvcruntime:per_thread_data.obj
 0003:00001820       __vcrt_lock_table          000000018005e820     libvcruntime:locks.obj
 0003:00001848       __vcrt_locks_initialized   000000018005e848     libvcruntime:locks.obj
 0003:00001850       ?module_handles@@3PAPEAUHINSTANCE__@@A 000000018005e850     libvcruntime:winapi_downlevel.obj
 0003:00001868       ?function_pointers@@3PAPEAXA 000000018005e868     libvcruntime:winapi_downlevel.obj
 0003:00001890       ?c_termination_complete@@3JA 000000018005e890     libucrt:exit.obj
 0003:00001898       ?thread_local_exit_callback_func@@3P6AXPEAXK0@ZEA 000000018005e898     libucrt:exit.obj
 0003:000018a0       ?c_exit_complete@?1???R<lambda_6e4b09c48022b2350581041d5f6b0c4c>@@QEBA@XZ@4_NA 000000018005e8a0     libucrt:exit.obj
 0003:000018b0       ?program_name@?1???$common_configure_argv@D@@YAHW4_crt_argv_mode@@@Z@4PADA 000000018005e8b0     libucrt:argv_parsing.obj
 0003:00001a10       ?__acrt_lock_table@@3PAU_RTL_CRITICAL_SECTION@@A 000000018005ea10     libucrt:locks.obj
 0003:00001c40       ?__acrt_locks_initialized@@3IA 000000018005ec40     libucrt:locks.obj
 0003:00001c48       ?__acrt_invalid_parameter_handler@@3V?$dual_state_global@P6AXPEB_W00I_K@Z@__crt_state_management@@A 000000018005ec48     libucrt:invalid_parameter.obj
 0003:00001c68       ?fSystemSet@@3HA           000000018005ec68     libucrt:mbctype.obj
 0003:00001c6c       ?initialized@?1??__acrt_initialize_multibyte@@9@4_NA 000000018005ec6c     libucrt:mbctype.obj
 0003:00001ca0       ?module_handles@@3PAPEAUHINSTANCE__@@A 000000018005eca0     libucrt:winapi_thunks.obj
 0003:00001d50       ?encoded_function_pointers@@3PAPEAXA 000000018005ed50     libucrt:winapi_thunks.obj
 0003:00002258       ?__acrt_new_handler@@3V?$dual_state_global@P6AH_K@Z@__crt_state_management@@A 000000018005f258     libucrt:new_handler.obj
 0003:00002260       ?ctrlc_action@@3V?$dual_state_global@P6AXH@Z@__crt_state_management@@A 000000018005f260     libucrt:signal.obj
 0003:00002268       ?ctrlbreak_action@@3V?$dual_state_global@P6AXH@Z@__crt_state_management@@A 000000018005f268     libucrt:signal.obj
 0003:00002270       ?abort_action@@3V?$dual_state_global@P6AXH@Z@__crt_state_management@@A 000000018005f270     libucrt:signal.obj
 0003:00002278       ?term_action@@3V?$dual_state_global@P6AXH@Z@__crt_state_management@@A 000000018005f278     libucrt:signal.obj
 0003:00002280       ?user_matherr@@3V?$dual_state_global@P6AHPEAU_exception@@@Z@__crt_state_management@@A 000000018005f280     libucrt:matherr.obj
 0003:000022b0       ?internal_state@?1??_mbtowc_internal@@9@4U_Mbstatet@@A 000000018005f2b0     libucrt:mbtowc.obj
 0003:000022b8       ?enable_percent_n@@3_KA    000000018005f2b8     libucrt:printf_count_output.obj
 0003:000022c4       ?__acrt_global_new_mode@@3V?$dual_state_global@J@__crt_state_management@@A 000000018005f2c4     libucrt:new_mode.obj
 0003:000022d0       ?__acrt_app_type@@3W4_crt_app_type@@A 000000018005f2d0     libucrt:report_runtime_error.obj
 0003:000022d8       ?internal_pst@?1??__mbrtoc32_utf8@__crt_mbstring@@YA_KPEA_UPEBD_KPEAU_Mbstatet@@AEAV__crt_cached_ptd_host@@@Z@4U3@A 000000018005f2d8     libucrt:mbrtoc32.obj
 0003:000022e0       GS_ExceptionRecord         000000018005f2e0     LIBCMT:gs_report.obj
 0003:00002380       GS_ContextRecord           000000018005f380     LIBCMT:gs_report.obj
 0005:00000000       _2il0floatpacket$19        0000000180064000     LIBCMT:svml_ssinf4_sse2.obj
 0005:00002200       _vmlsSinHATab              0000000180066200     LIBCMT:svml_s_sin_cout.obj
 0005:00002210       MsetTab                    0000000180066210     libvcruntime:memset.obj
 0005:00002260       MoveSmall                  0000000180066260     libvcruntime:memcpy.obj
 0005:000022a0       MoveSmallYmm               00000001800662a0     libvcruntime:memcpy.obj
 0005:000022c4       MoveSmallYmmNT             00000001800662c4     libvcruntime:memcpy.obj
 0005:000022e8       MoveSmallXmm               00000001800662e8     libvcruntime:memcpy.obj
 0006:000000a0       $R000000                   00000001800670a0     PhysXCooking.res
 0006:000003d0       $R000330                   00000001800673d0     PhysXCooking.res
